<testsuites id="" name="" tests="80" failures="80" skipped="0" errors="0" time="114.46127100000001">
<testsuite name="user-journeys/authentication-journey.spec.ts" timestamp="2025-11-17T22:08:49.254Z" hostname="chromium" tests="5" failures="5" skipped="0" time="4.625" errors="0">
<testcase name="Authentication Journey - US-005, US-006 › Complete user registration process" classname="user-journeys/authentication-journey.spec.ts" time="1.001">
<failure message="authentication-journey.spec.ts:11:7 Complete user registration process" type="FAILURE">
<![CDATA[  [chromium] › user-journeys/authentication-journey.spec.ts:11:7 › Authentication Journey - US-005, US-006 › Complete user registration process 

    Error: page.goto: net::ERR_CONNECTION_REFUSED at http://localhost:3000/auth/signup
    Call log:
      - navigating to "http://localhost:3000/auth/signup", waiting until "load"


      14 |     // Step 1: Access registration page
      15 |     console.log('📍 Step 1: Accessing registration page');
    > 16 |     await page.goto('/auth/signup');
         |                ^
      17 |     await helpers.wait.waitForNetworkIdle();
      18 |
      19 |     // Verify registration form loads
        at /Users/ciepolml/Projects/simple-3/smartwheels-landing/tests/user-journeys/authentication-journey.spec.ts:16:16

    attachment #1: screenshot (image/png) ──────────────────────────────────────────────────────────
    ../test-results/user-journeys-authenticati-b2bbc-e-user-registration-process-chromium/test-failed-1.png
    ────────────────────────────────────────────────────────────────────────────────────────────────

    attachment #2: video (video/webm) ──────────────────────────────────────────────────────────────
    ../test-results/user-journeys-authenticati-b2bbc-e-user-registration-process-chromium/video.webm
    ────────────────────────────────────────────────────────────────────────────────────────────────
]]>
</failure>
<system-out>
<![CDATA[📍 Step 1: Accessing registration page

[[ATTACHMENT|user-journeys-authenticati-b2bbc-e-user-registration-process-chromium/test-failed-1.png]]

[[ATTACHMENT|user-journeys-authenticati-b2bbc-e-user-registration-process-chromium/video.webm]]
]]>
</system-out>
</testcase>
<testcase name="Authentication Journey - US-005, US-006 › User login and logout process" classname="user-journeys/authentication-journey.spec.ts" time="0.881">
<failure message="authentication-journey.spec.ts:97:7 User login and logout process" type="FAILURE">
<![CDATA[  [chromium] › user-journeys/authentication-journey.spec.ts:97:7 › Authentication Journey - US-005, US-006 › User login and logout process 

    Error: page.goto: net::ERR_CONNECTION_REFUSED at http://localhost:3000/auth/login
    Call log:
      - navigating to "http://localhost:3000/auth/login", waiting until "load"


      100 |     // Step 1: Access login page
      101 |     console.log('📍 Step 1: Accessing login page');
    > 102 |     await page.goto('/auth/login');
          |                ^
      103 |     await helpers.wait.waitForNetworkIdle();
      104 |
      105 |     // Verify login form loads
        at /Users/ciepolml/Projects/simple-3/smartwheels-landing/tests/user-journeys/authentication-journey.spec.ts:102:16

    attachment #1: screenshot (image/png) ──────────────────────────────────────────────────────────
    ../test-results/user-journeys-authenticati-2e12b-er-login-and-logout-process-chromium/test-failed-1.png
    ────────────────────────────────────────────────────────────────────────────────────────────────

    attachment #2: video (video/webm) ──────────────────────────────────────────────────────────────
    ../test-results/user-journeys-authenticati-2e12b-er-login-and-logout-process-chromium/video.webm
    ────────────────────────────────────────────────────────────────────────────────────────────────
]]>
</failure>
<system-out>
<![CDATA[📍 Step 1: Accessing login page

[[ATTACHMENT|user-journeys-authenticati-2e12b-er-login-and-logout-process-chromium/test-failed-1.png]]

[[ATTACHMENT|user-journeys-authenticati-2e12b-er-login-and-logout-process-chromium/video.webm]]
]]>
</system-out>
</testcase>
<testcase name="Authentication Journey - US-005, US-006 › Protected page access control" classname="user-journeys/authentication-journey.spec.ts" time="0.977">
<failure message="authentication-journey.spec.ts:171:7 Protected page access control" type="FAILURE">
<![CDATA[  [chromium] › user-journeys/authentication-journey.spec.ts:171:7 › Authentication Journey - US-005, US-006 › Protected page access control 

    Error: page.goto: net::ERR_CONNECTION_REFUSED at http://localhost:3000/profile
    Call log:
      - navigating to "http://localhost:3000/profile", waiting until "load"


      174 |     // Step 1: Try to access protected profile page without authentication
      175 |     console.log('📍 Step 1: Testing access to protected page without authentication');
    > 176 |     await page.goto('/profile');
          |                ^
      177 |     await helpers.wait.waitForNetworkIdle();
      178 |
      179 |     // Should redirect to login or show access denied
        at /Users/ciepolml/Projects/simple-3/smartwheels-landing/tests/user-journeys/authentication-journey.spec.ts:176:16

    attachment #1: screenshot (image/png) ──────────────────────────────────────────────────────────
    ../test-results/user-journeys-authenticati-1b423-otected-page-access-control-chromium/test-failed-1.png
    ────────────────────────────────────────────────────────────────────────────────────────────────

    attachment #2: video (video/webm) ──────────────────────────────────────────────────────────────
    ../test-results/user-journeys-authenticati-1b423-otected-page-access-control-chromium/video.webm
    ────────────────────────────────────────────────────────────────────────────────────────────────
]]>
</failure>
<system-out>
<![CDATA[📍 Step 1: Testing access to protected page without authentication

[[ATTACHMENT|user-journeys-authenticati-1b423-otected-page-access-control-chromium/test-failed-1.png]]

[[ATTACHMENT|user-journeys-authenticati-1b423-otected-page-access-control-chromium/video.webm]]
]]>
</system-out>
</testcase>
<testcase name="Authentication Journey - US-005, US-006 › Password reset flow" classname="user-journeys/authentication-journey.spec.ts" time="0.887">
<failure message="authentication-journey.spec.ts:210:7 Password reset flow" type="FAILURE">
<![CDATA[  [chromium] › user-journeys/authentication-journey.spec.ts:210:7 › Authentication Journey - US-005, US-006 › Password reset flow 

    Error: page.goto: net::ERR_CONNECTION_REFUSED at http://localhost:3000/auth/login
    Call log:
      - navigating to "http://localhost:3000/auth/login", waiting until "load"


      213 |     // Step 1: Access password reset from login page
      214 |     console.log('📍 Step 1: Accessing password reset');
    > 215 |     await page.goto('/auth/login');
          |                ^
      216 |     await helpers.wait.waitForNetworkIdle();
      217 |
      218 |     // Look for "Forgot Password" link
        at /Users/ciepolml/Projects/simple-3/smartwheels-landing/tests/user-journeys/authentication-journey.spec.ts:215:16

    attachment #1: screenshot (image/png) ──────────────────────────────────────────────────────────
    ../test-results/user-journeys-authenticati-e52b7--US-006-Password-reset-flow-chromium/test-failed-1.png
    ────────────────────────────────────────────────────────────────────────────────────────────────

    attachment #2: video (video/webm) ──────────────────────────────────────────────────────────────
    ../test-results/user-journeys-authenticati-e52b7--US-006-Password-reset-flow-chromium/video.webm
    ────────────────────────────────────────────────────────────────────────────────────────────────
]]>
</failure>
<system-out>
<![CDATA[📍 Step 1: Accessing password reset

[[ATTACHMENT|user-journeys-authenticati-e52b7--US-006-Password-reset-flow-chromium/test-failed-1.png]]

[[ATTACHMENT|user-journeys-authenticati-e52b7--US-006-Password-reset-flow-chromium/video.webm]]
]]>
</system-out>
</testcase>
<testcase name="Authentication Journey - US-005, US-006 › Mobile authentication experience" classname="user-journeys/authentication-journey.spec.ts" time="0.879">
<failure message="authentication-journey.spec.ts:248:7 Mobile authentication experience" type="FAILURE">
<![CDATA[  [chromium] › user-journeys/authentication-journey.spec.ts:248:7 › Authentication Journey - US-005, US-006 › Mobile authentication experience 

    Error: page.goto: net::ERR_CONNECTION_REFUSED at http://localhost:3000/auth/login
    Call log:
      - navigating to "http://localhost:3000/auth/login", waiting until "load"


      254 |     // Step 1: Test mobile login form
      255 |     console.log('📍 Step 1: Testing mobile login experience');
    > 256 |     await page.goto('/auth/login');
          |                ^
      257 |     await helpers.wait.waitForNetworkIdle();
      258 |
      259 |     // Take screenshot of mobile login form
        at /Users/ciepolml/Projects/simple-3/smartwheels-landing/tests/user-journeys/authentication-journey.spec.ts:256:16

    attachment #1: screenshot (image/png) ──────────────────────────────────────────────────────────
    ../test-results/user-journeys-authenticati-62d6a-e-authentication-experience-chromium/test-failed-1.png
    ────────────────────────────────────────────────────────────────────────────────────────────────

    attachment #2: video (video/webm) ──────────────────────────────────────────────────────────────
    ../test-results/user-journeys-authenticati-62d6a-e-authentication-experience-chromium/video.webm
    ────────────────────────────────────────────────────────────────────────────────────────────────
]]>
</failure>
<system-out>
<![CDATA[📍 Step 1: Testing mobile login experience

[[ATTACHMENT|user-journeys-authenticati-62d6a-e-authentication-experience-chromium/test-failed-1.png]]

[[ATTACHMENT|user-journeys-authenticati-62d6a-e-authentication-experience-chromium/video.webm]]
]]>
</system-out>
</testcase>
</testsuite>
<testsuite name="user-journeys/quote-request-journey.spec.ts" timestamp="2025-11-17T22:08:49.254Z" hostname="chromium" tests="5" failures="5" skipped="0" time="3.495" errors="0">
<testcase name="Quote Request Journey - US-003 › Complete quote request submission journey" classname="user-journeys/quote-request-journey.spec.ts" time="0.873">
<failure message="quote-request-journey.spec.ts:13:7 Complete quote request submission journey" type="FAILURE">
<![CDATA[  [chromium] › user-journeys/quote-request-journey.spec.ts:13:7 › Quote Request Journey - US-003 › Complete quote request submission journey 

    Error: page.goto: net::ERR_CONNECTION_REFUSED at http://localhost:3000/
    Call log:
      - navigating to "http://localhost:3000/", waiting until "load"


       7 |   test.beforeEach(async ({ page }) => {
       8 |     helpers = createPageHelpers(page);
    >  9 |     await page.goto('/');
         |                ^
      10 |     await helpers.wait.waitForNetworkIdle();
      11 |   });
      12 |
        at /Users/ciepolml/Projects/simple-3/smartwheels-landing/tests/user-journeys/quote-request-journey.spec.ts:9:16

    attachment #1: screenshot (image/png) ──────────────────────────────────────────────────────────
    ../test-results/user-journeys-quote-reques-e8c3e--request-submission-journey-chromium/test-failed-1.png
    ────────────────────────────────────────────────────────────────────────────────────────────────

    attachment #2: video (video/webm) ──────────────────────────────────────────────────────────────
    ../test-results/user-journeys-quote-reques-e8c3e--request-submission-journey-chromium/video.webm
    ────────────────────────────────────────────────────────────────────────────────────────────────
]]>
</failure>
<system-out>
<![CDATA[
[[ATTACHMENT|user-journeys-quote-reques-e8c3e--request-submission-journey-chromium/test-failed-1.png]]

[[ATTACHMENT|user-journeys-quote-reques-e8c3e--request-submission-journey-chromium/video.webm]]
]]>
</system-out>
</testcase>
<testcase name="Quote Request Journey - US-003 › Quote form validation error handling" classname="user-journeys/quote-request-journey.spec.ts" time="0.859">
<failure message="quote-request-journey.spec.ts:86:7 Quote form validation error handling" type="FAILURE">
<![CDATA[  [chromium] › user-journeys/quote-request-journey.spec.ts:86:7 › Quote Request Journey - US-003 › Quote form validation error handling 

    Error: page.goto: net::ERR_CONNECTION_REFUSED at http://localhost:3000/
    Call log:
      - navigating to "http://localhost:3000/", waiting until "load"


       7 |   test.beforeEach(async ({ page }) => {
       8 |     helpers = createPageHelpers(page);
    >  9 |     await page.goto('/');
         |                ^
      10 |     await helpers.wait.waitForNetworkIdle();
      11 |   });
      12 |
        at /Users/ciepolml/Projects/simple-3/smartwheels-landing/tests/user-journeys/quote-request-journey.spec.ts:9:16

    attachment #1: screenshot (image/png) ──────────────────────────────────────────────────────────
    ../test-results/user-journeys-quote-reques-43db5-m-validation-error-handling-chromium/test-failed-1.png
    ────────────────────────────────────────────────────────────────────────────────────────────────

    attachment #2: video (video/webm) ──────────────────────────────────────────────────────────────
    ../test-results/user-journeys-quote-reques-43db5-m-validation-error-handling-chromium/video.webm
    ────────────────────────────────────────────────────────────────────────────────────────────────
]]>
</failure>
<system-out>
<![CDATA[
[[ATTACHMENT|user-journeys-quote-reques-43db5-m-validation-error-handling-chromium/test-failed-1.png]]

[[ATTACHMENT|user-journeys-quote-reques-43db5-m-validation-error-handling-chromium/video.webm]]
]]>
</system-out>
</testcase>
<testcase name="Quote Request Journey - US-003 › Quote request from services page" classname="user-journeys/quote-request-journey.spec.ts" time="0.698">
<failure message="quote-request-journey.spec.ts:136:7 Quote request from services page" type="FAILURE">
<![CDATA[  [chromium] › user-journeys/quote-request-journey.spec.ts:136:7 › Quote Request Journey - US-003 › Quote request from services page 

    Error: page.goto: net::ERR_CONNECTION_REFUSED at http://localhost:3000/
    Call log:
      - navigating to "http://localhost:3000/", waiting until "load"


       7 |   test.beforeEach(async ({ page }) => {
       8 |     helpers = createPageHelpers(page);
    >  9 |     await page.goto('/');
         |                ^
      10 |     await helpers.wait.waitForNetworkIdle();
      11 |   });
      12 |
        at /Users/ciepolml/Projects/simple-3/smartwheels-landing/tests/user-journeys/quote-request-journey.spec.ts:9:16

    attachment #1: screenshot (image/png) ──────────────────────────────────────────────────────────
    ../test-results/user-journeys-quote-reques-58a88--request-from-services-page-chromium/test-failed-1.png
    ────────────────────────────────────────────────────────────────────────────────────────────────

    attachment #2: video (video/webm) ──────────────────────────────────────────────────────────────
    ../test-results/user-journeys-quote-reques-58a88--request-from-services-page-chromium/video.webm
    ────────────────────────────────────────────────────────────────────────────────────────────────
]]>
</failure>
<system-out>
<![CDATA[
[[ATTACHMENT|user-journeys-quote-reques-58a88--request-from-services-page-chromium/test-failed-1.png]]

[[ATTACHMENT|user-journeys-quote-reques-58a88--request-from-services-page-chromium/video.webm]]
]]>
</system-out>
</testcase>
<testcase name="Quote Request Journey - US-003 › Quote request mobile experience" classname="user-journeys/quote-request-journey.spec.ts" time="0.534">
<failure message="quote-request-journey.spec.ts:164:7 Quote request mobile experience" type="FAILURE">
<![CDATA[  [chromium] › user-journeys/quote-request-journey.spec.ts:164:7 › Quote Request Journey - US-003 › Quote request mobile experience 

    Error: page.goto: net::ERR_CONNECTION_REFUSED at http://localhost:3000/
    Call log:
      - navigating to "http://localhost:3000/", waiting until "load"


       7 |   test.beforeEach(async ({ page }) => {
       8 |     helpers = createPageHelpers(page);
    >  9 |     await page.goto('/');
         |                ^
      10 |     await helpers.wait.waitForNetworkIdle();
      11 |   });
      12 |
        at /Users/ciepolml/Projects/simple-3/smartwheels-landing/tests/user-journeys/quote-request-journey.spec.ts:9:16

    attachment #1: screenshot (image/png) ──────────────────────────────────────────────────────────
    ../test-results/user-journeys-quote-reques-97ba4-e-request-mobile-experience-chromium/test-failed-1.png
    ────────────────────────────────────────────────────────────────────────────────────────────────

    attachment #2: video (video/webm) ──────────────────────────────────────────────────────────────
    ../test-results/user-journeys-quote-reques-97ba4-e-request-mobile-experience-chromium/video.webm
    ────────────────────────────────────────────────────────────────────────────────────────────────
]]>
</failure>
<system-out>
<![CDATA[
[[ATTACHMENT|user-journeys-quote-reques-97ba4-e-request-mobile-experience-chromium/test-failed-1.png]]

[[ATTACHMENT|user-journeys-quote-reques-97ba4-e-request-mobile-experience-chromium/video.webm]]
]]>
</system-out>
</testcase>
<testcase name="Quote Request Journey - US-003 › Quote form with large file upload" classname="user-journeys/quote-request-journey.spec.ts" time="0.531">
<failure message="quote-request-journey.spec.ts:200:7 Quote form with large file upload" type="FAILURE">
<![CDATA[  [chromium] › user-journeys/quote-request-journey.spec.ts:200:7 › Quote Request Journey - US-003 › Quote form with large file upload 

    Error: page.goto: net::ERR_CONNECTION_REFUSED at http://localhost:3000/
    Call log:
      - navigating to "http://localhost:3000/", waiting until "load"


       7 |   test.beforeEach(async ({ page }) => {
       8 |     helpers = createPageHelpers(page);
    >  9 |     await page.goto('/');
         |                ^
      10 |     await helpers.wait.waitForNetworkIdle();
      11 |   });
      12 |
        at /Users/ciepolml/Projects/simple-3/smartwheels-landing/tests/user-journeys/quote-request-journey.spec.ts:9:16

    attachment #1: screenshot (image/png) ──────────────────────────────────────────────────────────
    ../test-results/user-journeys-quote-reques-49c4f-form-with-large-file-upload-chromium/test-failed-1.png
    ────────────────────────────────────────────────────────────────────────────────────────────────

    attachment #2: video (video/webm) ──────────────────────────────────────────────────────────────
    ../test-results/user-journeys-quote-reques-49c4f-form-with-large-file-upload-chromium/video.webm
    ────────────────────────────────────────────────────────────────────────────────────────────────
]]>
</failure>
<system-out>
<![CDATA[
[[ATTACHMENT|user-journeys-quote-reques-49c4f-form-with-large-file-upload-chromium/test-failed-1.png]]

[[ATTACHMENT|user-journeys-quote-reques-49c4f-form-with-large-file-upload-chromium/video.webm]]
]]>
</system-out>
</testcase>
</testsuite>
<testsuite name="user-journeys/service-exploration-journey.spec.ts" timestamp="2025-11-17T22:08:49.254Z" hostname="chromium" tests="6" failures="6" skipped="0" time="2.813" errors="0">
<testcase name="Service Exploration Journey - US-001, US-002 › Homepage discovery and service exploration" classname="user-journeys/service-exploration-journey.spec.ts" time="0.417">
<failure message="service-exploration-journey.spec.ts:13:7 Homepage discovery and service exploration" type="FAILURE">
<![CDATA[  [chromium] › user-journeys/service-exploration-journey.spec.ts:13:7 › Service Exploration Journey - US-001, US-002 › Homepage discovery and service exploration 

    Error: page.goto: net::ERR_CONNECTION_REFUSED at http://localhost:3000/
    Call log:
      - navigating to "http://localhost:3000/", waiting until "load"


       7 |   test.beforeEach(async ({ page }) => {
       8 |     helpers = createPageHelpers(page);
    >  9 |     await page.goto('/');
         |                ^
      10 |     await helpers.wait.waitForNetworkIdle();
      11 |   });
      12 |
        at /Users/ciepolml/Projects/simple-3/smartwheels-landing/tests/user-journeys/service-exploration-journey.spec.ts:9:16

    attachment #1: screenshot (image/png) ──────────────────────────────────────────────────────────
    ../test-results/user-journeys-service-expl-65203-ery-and-service-exploration-chromium/test-failed-1.png
    ────────────────────────────────────────────────────────────────────────────────────────────────

    attachment #2: video (video/webm) ──────────────────────────────────────────────────────────────
    ../test-results/user-journeys-service-expl-65203-ery-and-service-exploration-chromium/video.webm
    ────────────────────────────────────────────────────────────────────────────────────────────────
]]>
</failure>
<system-out>
<![CDATA[
[[ATTACHMENT|user-journeys-service-expl-65203-ery-and-service-exploration-chromium/test-failed-1.png]]

[[ATTACHMENT|user-journeys-service-expl-65203-ery-and-service-exploration-chromium/video.webm]]
]]>
</system-out>
</testcase>
<testcase name="Service Exploration Journey - US-001, US-002 › Detailed service information exploration" classname="user-journeys/service-exploration-journey.spec.ts" time="0.454">
<failure message="service-exploration-journey.spec.ts:74:7 Detailed service information exploration" type="FAILURE">
<![CDATA[  [chromium] › user-journeys/service-exploration-journey.spec.ts:74:7 › Service Exploration Journey - US-001, US-002 › Detailed service information exploration 

    Error: page.goto: net::ERR_CONNECTION_REFUSED at http://localhost:3000/
    Call log:
      - navigating to "http://localhost:3000/", waiting until "load"


       7 |   test.beforeEach(async ({ page }) => {
       8 |     helpers = createPageHelpers(page);
    >  9 |     await page.goto('/');
         |                ^
      10 |     await helpers.wait.waitForNetworkIdle();
      11 |   });
      12 |
        at /Users/ciepolml/Projects/simple-3/smartwheels-landing/tests/user-journeys/service-exploration-journey.spec.ts:9:16

    attachment #1: screenshot (image/png) ──────────────────────────────────────────────────────────
    ../test-results/user-journeys-service-expl-4c19d-ice-information-exploration-chromium/test-failed-1.png
    ────────────────────────────────────────────────────────────────────────────────────────────────

    attachment #2: video (video/webm) ──────────────────────────────────────────────────────────────
    ../test-results/user-journeys-service-expl-4c19d-ice-information-exploration-chromium/video.webm
    ────────────────────────────────────────────────────────────────────────────────────────────────
]]>
</failure>
<system-out>
<![CDATA[
[[ATTACHMENT|user-journeys-service-expl-4c19d-ice-information-exploration-chromium/test-failed-1.png]]

[[ATTACHMENT|user-journeys-service-expl-4c19d-ice-information-exploration-chromium/video.webm]]
]]>
</system-out>
</testcase>
<testcase name="Service Exploration Journey - US-001, US-002 › Navigation menu functionality" classname="user-journeys/service-exploration-journey.spec.ts" time="0.514">
<failure message="service-exploration-journey.spec.ts:177:7 Navigation menu functionality" type="FAILURE">
<![CDATA[  [chromium] › user-journeys/service-exploration-journey.spec.ts:177:7 › Service Exploration Journey - US-001, US-002 › Navigation menu functionality 

    Error: page.goto: net::ERR_CONNECTION_REFUSED at http://localhost:3000/
    Call log:
      - navigating to "http://localhost:3000/", waiting until "load"


       7 |   test.beforeEach(async ({ page }) => {
       8 |     helpers = createPageHelpers(page);
    >  9 |     await page.goto('/');
         |                ^
      10 |     await helpers.wait.waitForNetworkIdle();
      11 |   });
      12 |
        at /Users/ciepolml/Projects/simple-3/smartwheels-landing/tests/user-journeys/service-exploration-journey.spec.ts:9:16

    attachment #1: screenshot (image/png) ──────────────────────────────────────────────────────────
    ../test-results/user-journeys-service-expl-1bd7f-vigation-menu-functionality-chromium/test-failed-1.png
    ────────────────────────────────────────────────────────────────────────────────────────────────

    attachment #2: video (video/webm) ──────────────────────────────────────────────────────────────
    ../test-results/user-journeys-service-expl-1bd7f-vigation-menu-functionality-chromium/video.webm
    ────────────────────────────────────────────────────────────────────────────────────────────────
]]>
</failure>
<system-out>
<![CDATA[
[[ATTACHMENT|user-journeys-service-expl-1bd7f-vigation-menu-functionality-chromium/test-failed-1.png]]

[[ATTACHMENT|user-journeys-service-expl-1bd7f-vigation-menu-functionality-chromium/video.webm]]
]]>
</system-out>
</testcase>
<testcase name="Service Exploration Journey - US-001, US-002 › Portfolio and project showcase" classname="user-journeys/service-exploration-journey.spec.ts" time="0.547">
<failure message="service-exploration-journey.spec.ts:244:7 Portfolio and project showcase" type="FAILURE">
<![CDATA[  [chromium] › user-journeys/service-exploration-journey.spec.ts:244:7 › Service Exploration Journey - US-001, US-002 › Portfolio and project showcase 

    Error: page.goto: net::ERR_CONNECTION_REFUSED at http://localhost:3000/
    Call log:
      - navigating to "http://localhost:3000/", waiting until "load"


       7 |   test.beforeEach(async ({ page }) => {
       8 |     helpers = createPageHelpers(page);
    >  9 |     await page.goto('/');
         |                ^
      10 |     await helpers.wait.waitForNetworkIdle();
      11 |   });
      12 |
        at /Users/ciepolml/Projects/simple-3/smartwheels-landing/tests/user-journeys/service-exploration-journey.spec.ts:9:16

    attachment #1: screenshot (image/png) ──────────────────────────────────────────────────────────
    ../test-results/user-journeys-service-expl-0bd33-tfolio-and-project-showcase-chromium/test-failed-1.png
    ────────────────────────────────────────────────────────────────────────────────────────────────

    attachment #2: video (video/webm) ──────────────────────────────────────────────────────────────
    ../test-results/user-journeys-service-expl-0bd33-tfolio-and-project-showcase-chromium/video.webm
    ────────────────────────────────────────────────────────────────────────────────────────────────
]]>
</failure>
<system-out>
<![CDATA[
[[ATTACHMENT|user-journeys-service-expl-0bd33-tfolio-and-project-showcase-chromium/test-failed-1.png]]

[[ATTACHMENT|user-journeys-service-expl-0bd33-tfolio-and-project-showcase-chromium/video.webm]]
]]>
</system-out>
</testcase>
<testcase name="Service Exploration Journey - US-001, US-002 › Call-to-action button functionality" classname="user-journeys/service-exploration-journey.spec.ts" time="0.452">
<failure message="service-exploration-journey.spec.ts:310:7 Call-to-action button functionality" type="FAILURE">
<![CDATA[  [chromium] › user-journeys/service-exploration-journey.spec.ts:310:7 › Service Exploration Journey - US-001, US-002 › Call-to-action button functionality 

    Error: page.goto: net::ERR_CONNECTION_REFUSED at http://localhost:3000/
    Call log:
      - navigating to "http://localhost:3000/", waiting until "load"


       7 |   test.beforeEach(async ({ page }) => {
       8 |     helpers = createPageHelpers(page);
    >  9 |     await page.goto('/');
         |                ^
      10 |     await helpers.wait.waitForNetworkIdle();
      11 |   });
      12 |
        at /Users/ciepolml/Projects/simple-3/smartwheels-landing/tests/user-journeys/service-exploration-journey.spec.ts:9:16

    attachment #1: screenshot (image/png) ──────────────────────────────────────────────────────────
    ../test-results/user-journeys-service-expl-36982-action-button-functionality-chromium/test-failed-1.png
    ────────────────────────────────────────────────────────────────────────────────────────────────

    attachment #2: video (video/webm) ──────────────────────────────────────────────────────────────
    ../test-results/user-journeys-service-expl-36982-action-button-functionality-chromium/video.webm
    ────────────────────────────────────────────────────────────────────────────────────────────────
]]>
</failure>
<system-out>
<![CDATA[
[[ATTACHMENT|user-journeys-service-expl-36982-action-button-functionality-chromium/test-failed-1.png]]

[[ATTACHMENT|user-journeys-service-expl-36982-action-button-functionality-chromium/video.webm]]
]]>
</system-out>
</testcase>
<testcase name="Service Exploration Journey - US-001, US-002 › Mobile responsiveness and touch interactions" classname="user-journeys/service-exploration-journey.spec.ts" time="0.429">
<failure message="service-exploration-journey.spec.ts:366:7 Mobile responsiveness and touch interactions" type="FAILURE">
<![CDATA[  [chromium] › user-journeys/service-exploration-journey.spec.ts:366:7 › Service Exploration Journey - US-001, US-002 › Mobile responsiveness and touch interactions 

    Error: page.goto: net::ERR_CONNECTION_REFUSED at http://localhost:3000/
    Call log:
      - navigating to "http://localhost:3000/", waiting until "load"


       7 |   test.beforeEach(async ({ page }) => {
       8 |     helpers = createPageHelpers(page);
    >  9 |     await page.goto('/');
         |                ^
      10 |     await helpers.wait.waitForNetworkIdle();
      11 |   });
      12 |
        at /Users/ciepolml/Projects/simple-3/smartwheels-landing/tests/user-journeys/service-exploration-journey.spec.ts:9:16

    attachment #1: screenshot (image/png) ──────────────────────────────────────────────────────────
    ../test-results/user-journeys-service-expl-a1205-ness-and-touch-interactions-chromium/test-failed-1.png
    ────────────────────────────────────────────────────────────────────────────────────────────────

    attachment #2: video (video/webm) ──────────────────────────────────────────────────────────────
    ../test-results/user-journeys-service-expl-a1205-ness-and-touch-interactions-chromium/video.webm
    ────────────────────────────────────────────────────────────────────────────────────────────────
]]>
</failure>
<system-out>
<![CDATA[
[[ATTACHMENT|user-journeys-service-expl-a1205-ness-and-touch-interactions-chromium/test-failed-1.png]]

[[ATTACHMENT|user-journeys-service-expl-a1205-ness-and-touch-interactions-chromium/video.webm]]
]]>
</system-out>
</testcase>
</testsuite>
<testsuite name="user-journeys/authentication-journey.spec.ts" timestamp="2025-11-17T22:08:49.254Z" hostname="firefox" tests="5" failures="5" skipped="0" time="20.611" errors="0">
<testcase name="Authentication Journey - US-005, US-006 › Complete user registration process" classname="user-journeys/authentication-journey.spec.ts" time="3.855">
<failure message="authentication-journey.spec.ts:11:7 Complete user registration process" type="FAILURE">
<![CDATA[  [firefox] › user-journeys/authentication-journey.spec.ts:11:7 › Authentication Journey - US-005, US-006 › Complete user registration process 

    Error: page.goto: NS_ERROR_CONNECTION_REFUSED
    Call log:
      - navigating to "http://localhost:3000/auth/signup", waiting until "load"


      14 |     // Step 1: Access registration page
      15 |     console.log('📍 Step 1: Accessing registration page');
    > 16 |     await page.goto('/auth/signup');
         |                ^
      17 |     await helpers.wait.waitForNetworkIdle();
      18 |
      19 |     // Verify registration form loads
        at /Users/ciepolml/Projects/simple-3/smartwheels-landing/tests/user-journeys/authentication-journey.spec.ts:16:16

    attachment #1: screenshot (image/png) ──────────────────────────────────────────────────────────
    ../test-results/user-journeys-authenticati-b2bbc-e-user-registration-process-firefox/test-failed-1.png
    ────────────────────────────────────────────────────────────────────────────────────────────────

    attachment #2: video (video/webm) ──────────────────────────────────────────────────────────────
    ../test-results/user-journeys-authenticati-b2bbc-e-user-registration-process-firefox/video.webm
    ────────────────────────────────────────────────────────────────────────────────────────────────

    Error Context: ../test-results/user-journeys-authenticati-b2bbc-e-user-registration-process-firefox/error-context.md
]]>
</failure>
<system-out>
<![CDATA[📍 Step 1: Accessing registration page

[[ATTACHMENT|user-journeys-authenticati-b2bbc-e-user-registration-process-firefox/test-failed-1.png]]

[[ATTACHMENT|user-journeys-authenticati-b2bbc-e-user-registration-process-firefox/video.webm]]

[[ATTACHMENT|user-journeys-authenticati-b2bbc-e-user-registration-process-firefox/error-context.md]]
]]>
</system-out>
</testcase>
<testcase name="Authentication Journey - US-005, US-006 › User login and logout process" classname="user-journeys/authentication-journey.spec.ts" time="4.26">
<failure message="authentication-journey.spec.ts:97:7 User login and logout process" type="FAILURE">
<![CDATA[  [firefox] › user-journeys/authentication-journey.spec.ts:97:7 › Authentication Journey - US-005, US-006 › User login and logout process 

    Error: page.goto: NS_ERROR_CONNECTION_REFUSED
    Call log:
      - navigating to "http://localhost:3000/auth/login", waiting until "load"


      100 |     // Step 1: Access login page
      101 |     console.log('📍 Step 1: Accessing login page');
    > 102 |     await page.goto('/auth/login');
          |                ^
      103 |     await helpers.wait.waitForNetworkIdle();
      104 |
      105 |     // Verify login form loads
        at /Users/ciepolml/Projects/simple-3/smartwheels-landing/tests/user-journeys/authentication-journey.spec.ts:102:16

    attachment #1: screenshot (image/png) ──────────────────────────────────────────────────────────
    ../test-results/user-journeys-authenticati-2e12b-er-login-and-logout-process-firefox/test-failed-1.png
    ────────────────────────────────────────────────────────────────────────────────────────────────

    attachment #2: video (video/webm) ──────────────────────────────────────────────────────────────
    ../test-results/user-journeys-authenticati-2e12b-er-login-and-logout-process-firefox/video.webm
    ────────────────────────────────────────────────────────────────────────────────────────────────

    Error Context: ../test-results/user-journeys-authenticati-2e12b-er-login-and-logout-process-firefox/error-context.md
]]>
</failure>
<system-out>
<![CDATA[📍 Step 1: Accessing login page

[[ATTACHMENT|user-journeys-authenticati-2e12b-er-login-and-logout-process-firefox/test-failed-1.png]]

[[ATTACHMENT|user-journeys-authenticati-2e12b-er-login-and-logout-process-firefox/video.webm]]

[[ATTACHMENT|user-journeys-authenticati-2e12b-er-login-and-logout-process-firefox/error-context.md]]
]]>
</system-out>
</testcase>
<testcase name="Authentication Journey - US-005, US-006 › Protected page access control" classname="user-journeys/authentication-journey.spec.ts" time="4.103">
<failure message="authentication-journey.spec.ts:171:7 Protected page access control" type="FAILURE">
<![CDATA[  [firefox] › user-journeys/authentication-journey.spec.ts:171:7 › Authentication Journey - US-005, US-006 › Protected page access control 

    Error: page.goto: NS_ERROR_CONNECTION_REFUSED
    Call log:
      - navigating to "http://localhost:3000/profile", waiting until "load"


      174 |     // Step 1: Try to access protected profile page without authentication
      175 |     console.log('📍 Step 1: Testing access to protected page without authentication');
    > 176 |     await page.goto('/profile');
          |                ^
      177 |     await helpers.wait.waitForNetworkIdle();
      178 |
      179 |     // Should redirect to login or show access denied
        at /Users/ciepolml/Projects/simple-3/smartwheels-landing/tests/user-journeys/authentication-journey.spec.ts:176:16

    attachment #1: screenshot (image/png) ──────────────────────────────────────────────────────────
    ../test-results/user-journeys-authenticati-1b423-otected-page-access-control-firefox/test-failed-1.png
    ────────────────────────────────────────────────────────────────────────────────────────────────

    attachment #2: video (video/webm) ──────────────────────────────────────────────────────────────
    ../test-results/user-journeys-authenticati-1b423-otected-page-access-control-firefox/video.webm
    ────────────────────────────────────────────────────────────────────────────────────────────────

    Error Context: ../test-results/user-journeys-authenticati-1b423-otected-page-access-control-firefox/error-context.md
]]>
</failure>
<system-out>
<![CDATA[📍 Step 1: Testing access to protected page without authentication

[[ATTACHMENT|user-journeys-authenticati-1b423-otected-page-access-control-firefox/test-failed-1.png]]

[[ATTACHMENT|user-journeys-authenticati-1b423-otected-page-access-control-firefox/video.webm]]

[[ATTACHMENT|user-journeys-authenticati-1b423-otected-page-access-control-firefox/error-context.md]]
]]>
</system-out>
</testcase>
<testcase name="Authentication Journey - US-005, US-006 › Password reset flow" classname="user-journeys/authentication-journey.spec.ts" time="4.494">
<failure message="authentication-journey.spec.ts:210:7 Password reset flow" type="FAILURE">
<![CDATA[  [firefox] › user-journeys/authentication-journey.spec.ts:210:7 › Authentication Journey - US-005, US-006 › Password reset flow 

    Error: page.goto: NS_ERROR_CONNECTION_REFUSED
    Call log:
      - navigating to "http://localhost:3000/auth/login", waiting until "load"


      213 |     // Step 1: Access password reset from login page
      214 |     console.log('📍 Step 1: Accessing password reset');
    > 215 |     await page.goto('/auth/login');
          |                ^
      216 |     await helpers.wait.waitForNetworkIdle();
      217 |
      218 |     // Look for "Forgot Password" link
        at /Users/ciepolml/Projects/simple-3/smartwheels-landing/tests/user-journeys/authentication-journey.spec.ts:215:16

    attachment #1: screenshot (image/png) ──────────────────────────────────────────────────────────
    ../test-results/user-journeys-authenticati-e52b7--US-006-Password-reset-flow-firefox/test-failed-1.png
    ────────────────────────────────────────────────────────────────────────────────────────────────

    attachment #2: video (video/webm) ──────────────────────────────────────────────────────────────
    ../test-results/user-journeys-authenticati-e52b7--US-006-Password-reset-flow-firefox/video.webm
    ────────────────────────────────────────────────────────────────────────────────────────────────

    Error Context: ../test-results/user-journeys-authenticati-e52b7--US-006-Password-reset-flow-firefox/error-context.md
]]>
</failure>
<system-out>
<![CDATA[📍 Step 1: Accessing password reset

[[ATTACHMENT|user-journeys-authenticati-e52b7--US-006-Password-reset-flow-firefox/test-failed-1.png]]

[[ATTACHMENT|user-journeys-authenticati-e52b7--US-006-Password-reset-flow-firefox/video.webm]]

[[ATTACHMENT|user-journeys-authenticati-e52b7--US-006-Password-reset-flow-firefox/error-context.md]]
]]>
</system-out>
</testcase>
<testcase name="Authentication Journey - US-005, US-006 › Mobile authentication experience" classname="user-journeys/authentication-journey.spec.ts" time="3.899">
<failure message="authentication-journey.spec.ts:248:7 Mobile authentication experience" type="FAILURE">
<![CDATA[  [firefox] › user-journeys/authentication-journey.spec.ts:248:7 › Authentication Journey - US-005, US-006 › Mobile authentication experience 

    Error: page.goto: NS_ERROR_CONNECTION_REFUSED
    Call log:
      - navigating to "http://localhost:3000/auth/login", waiting until "load"


      254 |     // Step 1: Test mobile login form
      255 |     console.log('📍 Step 1: Testing mobile login experience');
    > 256 |     await page.goto('/auth/login');
          |                ^
      257 |     await helpers.wait.waitForNetworkIdle();
      258 |
      259 |     // Take screenshot of mobile login form
        at /Users/ciepolml/Projects/simple-3/smartwheels-landing/tests/user-journeys/authentication-journey.spec.ts:256:16

    attachment #1: screenshot (image/png) ──────────────────────────────────────────────────────────
    ../test-results/user-journeys-authenticati-62d6a-e-authentication-experience-firefox/test-failed-1.png
    ────────────────────────────────────────────────────────────────────────────────────────────────

    attachment #2: video (video/webm) ──────────────────────────────────────────────────────────────
    ../test-results/user-journeys-authenticati-62d6a-e-authentication-experience-firefox/video.webm
    ────────────────────────────────────────────────────────────────────────────────────────────────

    Error Context: ../test-results/user-journeys-authenticati-62d6a-e-authentication-experience-firefox/error-context.md
]]>
</failure>
<system-out>
<![CDATA[📍 Step 1: Testing mobile login experience

[[ATTACHMENT|user-journeys-authenticati-62d6a-e-authentication-experience-firefox/test-failed-1.png]]

[[ATTACHMENT|user-journeys-authenticati-62d6a-e-authentication-experience-firefox/video.webm]]

[[ATTACHMENT|user-journeys-authenticati-62d6a-e-authentication-experience-firefox/error-context.md]]
]]>
</system-out>
</testcase>
</testsuite>
<testsuite name="user-journeys/quote-request-journey.spec.ts" timestamp="2025-11-17T22:08:49.254Z" hostname="firefox" tests="5" failures="5" skipped="0" time="21.236" errors="0">
<testcase name="Quote Request Journey - US-003 › Complete quote request submission journey" classname="user-journeys/quote-request-journey.spec.ts" time="4.276">
<failure message="quote-request-journey.spec.ts:13:7 Complete quote request submission journey" type="FAILURE">
<![CDATA[  [firefox] › user-journeys/quote-request-journey.spec.ts:13:7 › Quote Request Journey - US-003 › Complete quote request submission journey 

    Error: page.goto: NS_ERROR_CONNECTION_REFUSED
    Call log:
      - navigating to "http://localhost:3000/", waiting until "load"


       7 |   test.beforeEach(async ({ page }) => {
       8 |     helpers = createPageHelpers(page);
    >  9 |     await page.goto('/');
         |                ^
      10 |     await helpers.wait.waitForNetworkIdle();
      11 |   });
      12 |
        at /Users/ciepolml/Projects/simple-3/smartwheels-landing/tests/user-journeys/quote-request-journey.spec.ts:9:16

    attachment #1: screenshot (image/png) ──────────────────────────────────────────────────────────
    ../test-results/user-journeys-quote-reques-e8c3e--request-submission-journey-firefox/test-failed-1.png
    ────────────────────────────────────────────────────────────────────────────────────────────────

    attachment #2: video (video/webm) ──────────────────────────────────────────────────────────────
    ../test-results/user-journeys-quote-reques-e8c3e--request-submission-journey-firefox/video.webm
    ────────────────────────────────────────────────────────────────────────────────────────────────

    Error Context: ../test-results/user-journeys-quote-reques-e8c3e--request-submission-journey-firefox/error-context.md
]]>
</failure>
<system-out>
<![CDATA[
[[ATTACHMENT|user-journeys-quote-reques-e8c3e--request-submission-journey-firefox/test-failed-1.png]]

[[ATTACHMENT|user-journeys-quote-reques-e8c3e--request-submission-journey-firefox/video.webm]]

[[ATTACHMENT|user-journeys-quote-reques-e8c3e--request-submission-journey-firefox/error-context.md]]
]]>
</system-out>
</testcase>
<testcase name="Quote Request Journey - US-003 › Quote form validation error handling" classname="user-journeys/quote-request-journey.spec.ts" time="4.476">
<failure message="quote-request-journey.spec.ts:86:7 Quote form validation error handling" type="FAILURE">
<![CDATA[  [firefox] › user-journeys/quote-request-journey.spec.ts:86:7 › Quote Request Journey - US-003 › Quote form validation error handling 

    Error: page.goto: NS_ERROR_CONNECTION_REFUSED
    Call log:
      - navigating to "http://localhost:3000/", waiting until "load"


       7 |   test.beforeEach(async ({ page }) => {
       8 |     helpers = createPageHelpers(page);
    >  9 |     await page.goto('/');
         |                ^
      10 |     await helpers.wait.waitForNetworkIdle();
      11 |   });
      12 |
        at /Users/ciepolml/Projects/simple-3/smartwheels-landing/tests/user-journeys/quote-request-journey.spec.ts:9:16

    attachment #1: screenshot (image/png) ──────────────────────────────────────────────────────────
    ../test-results/user-journeys-quote-reques-43db5-m-validation-error-handling-firefox/test-failed-1.png
    ────────────────────────────────────────────────────────────────────────────────────────────────

    attachment #2: video (video/webm) ──────────────────────────────────────────────────────────────
    ../test-results/user-journeys-quote-reques-43db5-m-validation-error-handling-firefox/video.webm
    ────────────────────────────────────────────────────────────────────────────────────────────────

    Error Context: ../test-results/user-journeys-quote-reques-43db5-m-validation-error-handling-firefox/error-context.md
]]>
</failure>
<system-out>
<![CDATA[
[[ATTACHMENT|user-journeys-quote-reques-43db5-m-validation-error-handling-firefox/test-failed-1.png]]

[[ATTACHMENT|user-journeys-quote-reques-43db5-m-validation-error-handling-firefox/video.webm]]

[[ATTACHMENT|user-journeys-quote-reques-43db5-m-validation-error-handling-firefox/error-context.md]]
]]>
</system-out>
</testcase>
<testcase name="Quote Request Journey - US-003 › Quote request from services page" classname="user-journeys/quote-request-journey.spec.ts" time="4.563">
<failure message="quote-request-journey.spec.ts:136:7 Quote request from services page" type="FAILURE">
<![CDATA[  [firefox] › user-journeys/quote-request-journey.spec.ts:136:7 › Quote Request Journey - US-003 › Quote request from services page 

    Error: page.goto: NS_ERROR_CONNECTION_REFUSED
    Call log:
      - navigating to "http://localhost:3000/", waiting until "load"


       7 |   test.beforeEach(async ({ page }) => {
       8 |     helpers = createPageHelpers(page);
    >  9 |     await page.goto('/');
         |                ^
      10 |     await helpers.wait.waitForNetworkIdle();
      11 |   });
      12 |
        at /Users/ciepolml/Projects/simple-3/smartwheels-landing/tests/user-journeys/quote-request-journey.spec.ts:9:16

    attachment #1: screenshot (image/png) ──────────────────────────────────────────────────────────
    ../test-results/user-journeys-quote-reques-58a88--request-from-services-page-firefox/test-failed-1.png
    ────────────────────────────────────────────────────────────────────────────────────────────────

    attachment #2: video (video/webm) ──────────────────────────────────────────────────────────────
    ../test-results/user-journeys-quote-reques-58a88--request-from-services-page-firefox/video.webm
    ────────────────────────────────────────────────────────────────────────────────────────────────

    Error Context: ../test-results/user-journeys-quote-reques-58a88--request-from-services-page-firefox/error-context.md
]]>
</failure>
<system-out>
<![CDATA[
[[ATTACHMENT|user-journeys-quote-reques-58a88--request-from-services-page-firefox/test-failed-1.png]]

[[ATTACHMENT|user-journeys-quote-reques-58a88--request-from-services-page-firefox/video.webm]]

[[ATTACHMENT|user-journeys-quote-reques-58a88--request-from-services-page-firefox/error-context.md]]
]]>
</system-out>
</testcase>
<testcase name="Quote Request Journey - US-003 › Quote request mobile experience" classname="user-journeys/quote-request-journey.spec.ts" time="3.754">
<failure message="quote-request-journey.spec.ts:164:7 Quote request mobile experience" type="FAILURE">
<![CDATA[  [firefox] › user-journeys/quote-request-journey.spec.ts:164:7 › Quote Request Journey - US-003 › Quote request mobile experience 

    Error: page.goto: NS_ERROR_CONNECTION_REFUSED
    Call log:
      - navigating to "http://localhost:3000/", waiting until "load"


       7 |   test.beforeEach(async ({ page }) => {
       8 |     helpers = createPageHelpers(page);
    >  9 |     await page.goto('/');
         |                ^
      10 |     await helpers.wait.waitForNetworkIdle();
      11 |   });
      12 |
        at /Users/ciepolml/Projects/simple-3/smartwheels-landing/tests/user-journeys/quote-request-journey.spec.ts:9:16

    attachment #1: screenshot (image/png) ──────────────────────────────────────────────────────────
    ../test-results/user-journeys-quote-reques-97ba4-e-request-mobile-experience-firefox/test-failed-1.png
    ────────────────────────────────────────────────────────────────────────────────────────────────

    attachment #2: video (video/webm) ──────────────────────────────────────────────────────────────
    ../test-results/user-journeys-quote-reques-97ba4-e-request-mobile-experience-firefox/video.webm
    ────────────────────────────────────────────────────────────────────────────────────────────────

    Error Context: ../test-results/user-journeys-quote-reques-97ba4-e-request-mobile-experience-firefox/error-context.md
]]>
</failure>
<system-out>
<![CDATA[
[[ATTACHMENT|user-journeys-quote-reques-97ba4-e-request-mobile-experience-firefox/test-failed-1.png]]

[[ATTACHMENT|user-journeys-quote-reques-97ba4-e-request-mobile-experience-firefox/video.webm]]

[[ATTACHMENT|user-journeys-quote-reques-97ba4-e-request-mobile-experience-firefox/error-context.md]]
]]>
</system-out>
</testcase>
<testcase name="Quote Request Journey - US-003 › Quote form with large file upload" classname="user-journeys/quote-request-journey.spec.ts" time="4.167">
<failure message="quote-request-journey.spec.ts:200:7 Quote form with large file upload" type="FAILURE">
<![CDATA[  [firefox] › user-journeys/quote-request-journey.spec.ts:200:7 › Quote Request Journey - US-003 › Quote form with large file upload 

    Error: page.goto: NS_ERROR_CONNECTION_REFUSED
    Call log:
      - navigating to "http://localhost:3000/", waiting until "load"


       7 |   test.beforeEach(async ({ page }) => {
       8 |     helpers = createPageHelpers(page);
    >  9 |     await page.goto('/');
         |                ^
      10 |     await helpers.wait.waitForNetworkIdle();
      11 |   });
      12 |
        at /Users/ciepolml/Projects/simple-3/smartwheels-landing/tests/user-journeys/quote-request-journey.spec.ts:9:16

    attachment #1: screenshot (image/png) ──────────────────────────────────────────────────────────
    ../test-results/user-journeys-quote-reques-49c4f-form-with-large-file-upload-firefox/test-failed-1.png
    ────────────────────────────────────────────────────────────────────────────────────────────────

    attachment #2: video (video/webm) ──────────────────────────────────────────────────────────────
    ../test-results/user-journeys-quote-reques-49c4f-form-with-large-file-upload-firefox/video.webm
    ────────────────────────────────────────────────────────────────────────────────────────────────

    Error Context: ../test-results/user-journeys-quote-reques-49c4f-form-with-large-file-upload-firefox/error-context.md
]]>
</failure>
<system-out>
<![CDATA[
[[ATTACHMENT|user-journeys-quote-reques-49c4f-form-with-large-file-upload-firefox/test-failed-1.png]]

[[ATTACHMENT|user-journeys-quote-reques-49c4f-form-with-large-file-upload-firefox/video.webm]]

[[ATTACHMENT|user-journeys-quote-reques-49c4f-form-with-large-file-upload-firefox/error-context.md]]
]]>
</system-out>
</testcase>
</testsuite>
<testsuite name="user-journeys/service-exploration-journey.spec.ts" timestamp="2025-11-17T22:08:49.254Z" hostname="firefox" tests="6" failures="6" skipped="0" time="25.115" errors="0">
<testcase name="Service Exploration Journey - US-001, US-002 › Homepage discovery and service exploration" classname="user-journeys/service-exploration-journey.spec.ts" time="4.116">
<failure message="service-exploration-journey.spec.ts:13:7 Homepage discovery and service exploration" type="FAILURE">
<![CDATA[  [firefox] › user-journeys/service-exploration-journey.spec.ts:13:7 › Service Exploration Journey - US-001, US-002 › Homepage discovery and service exploration 

    Error: page.goto: NS_ERROR_CONNECTION_REFUSED
    Call log:
      - navigating to "http://localhost:3000/", waiting until "load"


       7 |   test.beforeEach(async ({ page }) => {
       8 |     helpers = createPageHelpers(page);
    >  9 |     await page.goto('/');
         |                ^
      10 |     await helpers.wait.waitForNetworkIdle();
      11 |   });
      12 |
        at /Users/ciepolml/Projects/simple-3/smartwheels-landing/tests/user-journeys/service-exploration-journey.spec.ts:9:16

    attachment #1: screenshot (image/png) ──────────────────────────────────────────────────────────
    ../test-results/user-journeys-service-expl-65203-ery-and-service-exploration-firefox/test-failed-1.png
    ────────────────────────────────────────────────────────────────────────────────────────────────

    attachment #2: video (video/webm) ──────────────────────────────────────────────────────────────
    ../test-results/user-journeys-service-expl-65203-ery-and-service-exploration-firefox/video.webm
    ────────────────────────────────────────────────────────────────────────────────────────────────

    Error Context: ../test-results/user-journeys-service-expl-65203-ery-and-service-exploration-firefox/error-context.md
]]>
</failure>
<system-out>
<![CDATA[
[[ATTACHMENT|user-journeys-service-expl-65203-ery-and-service-exploration-firefox/test-failed-1.png]]

[[ATTACHMENT|user-journeys-service-expl-65203-ery-and-service-exploration-firefox/video.webm]]

[[ATTACHMENT|user-journeys-service-expl-65203-ery-and-service-exploration-firefox/error-context.md]]
]]>
</system-out>
</testcase>
<testcase name="Service Exploration Journey - US-001, US-002 › Detailed service information exploration" classname="user-journeys/service-exploration-journey.spec.ts" time="3.745">
<failure message="service-exploration-journey.spec.ts:74:7 Detailed service information exploration" type="FAILURE">
<![CDATA[  [firefox] › user-journeys/service-exploration-journey.spec.ts:74:7 › Service Exploration Journey - US-001, US-002 › Detailed service information exploration 

    Error: page.goto: NS_ERROR_CONNECTION_REFUSED
    Call log:
      - navigating to "http://localhost:3000/", waiting until "load"


       7 |   test.beforeEach(async ({ page }) => {
       8 |     helpers = createPageHelpers(page);
    >  9 |     await page.goto('/');
         |                ^
      10 |     await helpers.wait.waitForNetworkIdle();
      11 |   });
      12 |
        at /Users/ciepolml/Projects/simple-3/smartwheels-landing/tests/user-journeys/service-exploration-journey.spec.ts:9:16

    attachment #1: screenshot (image/png) ──────────────────────────────────────────────────────────
    ../test-results/user-journeys-service-expl-4c19d-ice-information-exploration-firefox/test-failed-1.png
    ────────────────────────────────────────────────────────────────────────────────────────────────

    attachment #2: video (video/webm) ──────────────────────────────────────────────────────────────
    ../test-results/user-journeys-service-expl-4c19d-ice-information-exploration-firefox/video.webm
    ────────────────────────────────────────────────────────────────────────────────────────────────

    Error Context: ../test-results/user-journeys-service-expl-4c19d-ice-information-exploration-firefox/error-context.md
]]>
</failure>
<system-out>
<![CDATA[
[[ATTACHMENT|user-journeys-service-expl-4c19d-ice-information-exploration-firefox/test-failed-1.png]]

[[ATTACHMENT|user-journeys-service-expl-4c19d-ice-information-exploration-firefox/video.webm]]

[[ATTACHMENT|user-journeys-service-expl-4c19d-ice-information-exploration-firefox/error-context.md]]
]]>
</system-out>
</testcase>
<testcase name="Service Exploration Journey - US-001, US-002 › Navigation menu functionality" classname="user-journeys/service-exploration-journey.spec.ts" time="4.095">
<failure message="service-exploration-journey.spec.ts:177:7 Navigation menu functionality" type="FAILURE">
<![CDATA[  [firefox] › user-journeys/service-exploration-journey.spec.ts:177:7 › Service Exploration Journey - US-001, US-002 › Navigation menu functionality 

    Error: page.goto: NS_ERROR_CONNECTION_REFUSED
    Call log:
      - navigating to "http://localhost:3000/", waiting until "load"


       7 |   test.beforeEach(async ({ page }) => {
       8 |     helpers = createPageHelpers(page);
    >  9 |     await page.goto('/');
         |                ^
      10 |     await helpers.wait.waitForNetworkIdle();
      11 |   });
      12 |
        at /Users/ciepolml/Projects/simple-3/smartwheels-landing/tests/user-journeys/service-exploration-journey.spec.ts:9:16

    attachment #1: screenshot (image/png) ──────────────────────────────────────────────────────────
    ../test-results/user-journeys-service-expl-1bd7f-vigation-menu-functionality-firefox/test-failed-1.png
    ────────────────────────────────────────────────────────────────────────────────────────────────

    attachment #2: video (video/webm) ──────────────────────────────────────────────────────────────
    ../test-results/user-journeys-service-expl-1bd7f-vigation-menu-functionality-firefox/video.webm
    ────────────────────────────────────────────────────────────────────────────────────────────────

    Error Context: ../test-results/user-journeys-service-expl-1bd7f-vigation-menu-functionality-firefox/error-context.md
]]>
</failure>
<system-out>
<![CDATA[
[[ATTACHMENT|user-journeys-service-expl-1bd7f-vigation-menu-functionality-firefox/test-failed-1.png]]

[[ATTACHMENT|user-journeys-service-expl-1bd7f-vigation-menu-functionality-firefox/video.webm]]

[[ATTACHMENT|user-journeys-service-expl-1bd7f-vigation-menu-functionality-firefox/error-context.md]]
]]>
</system-out>
</testcase>
<testcase name="Service Exploration Journey - US-001, US-002 › Portfolio and project showcase" classname="user-journeys/service-exploration-journey.spec.ts" time="4.383">
<failure message="service-exploration-journey.spec.ts:244:7 Portfolio and project showcase" type="FAILURE">
<![CDATA[  [firefox] › user-journeys/service-exploration-journey.spec.ts:244:7 › Service Exploration Journey - US-001, US-002 › Portfolio and project showcase 

    Error: page.goto: NS_ERROR_CONNECTION_REFUSED
    Call log:
      - navigating to "http://localhost:3000/", waiting until "load"


       7 |   test.beforeEach(async ({ page }) => {
       8 |     helpers = createPageHelpers(page);
    >  9 |     await page.goto('/');
         |                ^
      10 |     await helpers.wait.waitForNetworkIdle();
      11 |   });
      12 |
        at /Users/ciepolml/Projects/simple-3/smartwheels-landing/tests/user-journeys/service-exploration-journey.spec.ts:9:16

    attachment #1: screenshot (image/png) ──────────────────────────────────────────────────────────
    ../test-results/user-journeys-service-expl-0bd33-tfolio-and-project-showcase-firefox/test-failed-1.png
    ────────────────────────────────────────────────────────────────────────────────────────────────

    attachment #2: video (video/webm) ──────────────────────────────────────────────────────────────
    ../test-results/user-journeys-service-expl-0bd33-tfolio-and-project-showcase-firefox/video.webm
    ────────────────────────────────────────────────────────────────────────────────────────────────

    Error Context: ../test-results/user-journeys-service-expl-0bd33-tfolio-and-project-showcase-firefox/error-context.md
]]>
</failure>
<system-out>
<![CDATA[
[[ATTACHMENT|user-journeys-service-expl-0bd33-tfolio-and-project-showcase-firefox/test-failed-1.png]]

[[ATTACHMENT|user-journeys-service-expl-0bd33-tfolio-and-project-showcase-firefox/video.webm]]

[[ATTACHMENT|user-journeys-service-expl-0bd33-tfolio-and-project-showcase-firefox/error-context.md]]
]]>
</system-out>
</testcase>
<testcase name="Service Exploration Journey - US-001, US-002 › Call-to-action button functionality" classname="user-journeys/service-exploration-journey.spec.ts" time="4.211">
<failure message="service-exploration-journey.spec.ts:310:7 Call-to-action button functionality" type="FAILURE">
<![CDATA[  [firefox] › user-journeys/service-exploration-journey.spec.ts:310:7 › Service Exploration Journey - US-001, US-002 › Call-to-action button functionality 

    Error: page.goto: NS_ERROR_CONNECTION_REFUSED
    Call log:
      - navigating to "http://localhost:3000/", waiting until "load"


       7 |   test.beforeEach(async ({ page }) => {
       8 |     helpers = createPageHelpers(page);
    >  9 |     await page.goto('/');
         |                ^
      10 |     await helpers.wait.waitForNetworkIdle();
      11 |   });
      12 |
        at /Users/ciepolml/Projects/simple-3/smartwheels-landing/tests/user-journeys/service-exploration-journey.spec.ts:9:16

    attachment #1: screenshot (image/png) ──────────────────────────────────────────────────────────
    ../test-results/user-journeys-service-expl-36982-action-button-functionality-firefox/test-failed-1.png
    ────────────────────────────────────────────────────────────────────────────────────────────────

    attachment #2: video (video/webm) ──────────────────────────────────────────────────────────────
    ../test-results/user-journeys-service-expl-36982-action-button-functionality-firefox/video.webm
    ────────────────────────────────────────────────────────────────────────────────────────────────

    Error Context: ../test-results/user-journeys-service-expl-36982-action-button-functionality-firefox/error-context.md
]]>
</failure>
<system-out>
<![CDATA[
[[ATTACHMENT|user-journeys-service-expl-36982-action-button-functionality-firefox/test-failed-1.png]]

[[ATTACHMENT|user-journeys-service-expl-36982-action-button-functionality-firefox/video.webm]]

[[ATTACHMENT|user-journeys-service-expl-36982-action-button-functionality-firefox/error-context.md]]
]]>
</system-out>
</testcase>
<testcase name="Service Exploration Journey - US-001, US-002 › Mobile responsiveness and touch interactions" classname="user-journeys/service-exploration-journey.spec.ts" time="4.565">
<failure message="service-exploration-journey.spec.ts:366:7 Mobile responsiveness and touch interactions" type="FAILURE">
<![CDATA[  [firefox] › user-journeys/service-exploration-journey.spec.ts:366:7 › Service Exploration Journey - US-001, US-002 › Mobile responsiveness and touch interactions 

    Error: page.goto: NS_ERROR_CONNECTION_REFUSED
    Call log:
      - navigating to "http://localhost:3000/", waiting until "load"


       7 |   test.beforeEach(async ({ page }) => {
       8 |     helpers = createPageHelpers(page);
    >  9 |     await page.goto('/');
         |                ^
      10 |     await helpers.wait.waitForNetworkIdle();
      11 |   });
      12 |
        at /Users/ciepolml/Projects/simple-3/smartwheels-landing/tests/user-journeys/service-exploration-journey.spec.ts:9:16

    attachment #1: screenshot (image/png) ──────────────────────────────────────────────────────────
    ../test-results/user-journeys-service-expl-a1205-ness-and-touch-interactions-firefox/test-failed-1.png
    ────────────────────────────────────────────────────────────────────────────────────────────────

    attachment #2: video (video/webm) ──────────────────────────────────────────────────────────────
    ../test-results/user-journeys-service-expl-a1205-ness-and-touch-interactions-firefox/video.webm
    ────────────────────────────────────────────────────────────────────────────────────────────────

    Error Context: ../test-results/user-journeys-service-expl-a1205-ness-and-touch-interactions-firefox/error-context.md
]]>
</failure>
<system-out>
<![CDATA[
[[ATTACHMENT|user-journeys-service-expl-a1205-ness-and-touch-interactions-firefox/test-failed-1.png]]

[[ATTACHMENT|user-journeys-service-expl-a1205-ness-and-touch-interactions-firefox/video.webm]]

[[ATTACHMENT|user-journeys-service-expl-a1205-ness-and-touch-interactions-firefox/error-context.md]]
]]>
</system-out>
</testcase>
</testsuite>
<testsuite name="user-journeys/authentication-journey.spec.ts" timestamp="2025-11-17T22:08:49.254Z" hostname="webkit" tests="5" failures="5" skipped="0" time="10.398" errors="0">
<testcase name="Authentication Journey - US-005, US-006 › Complete user registration process" classname="user-journeys/authentication-journey.spec.ts" time="2.781">
<failure message="authentication-journey.spec.ts:11:7 Complete user registration process" type="FAILURE">
<![CDATA[  [webkit] › user-journeys/authentication-journey.spec.ts:11:7 › Authentication Journey - US-005, US-006 › Complete user registration process 

    Error: page.goto: Could not connect to the server.
    Call log:
      - navigating to "http://localhost:3000/auth/signup", waiting until "load"


      14 |     // Step 1: Access registration page
      15 |     console.log('📍 Step 1: Accessing registration page');
    > 16 |     await page.goto('/auth/signup');
         |                ^
      17 |     await helpers.wait.waitForNetworkIdle();
      18 |
      19 |     // Verify registration form loads
        at /Users/ciepolml/Projects/simple-3/smartwheels-landing/tests/user-journeys/authentication-journey.spec.ts:16:16

    attachment #1: screenshot (image/png) ──────────────────────────────────────────────────────────
    ../test-results/user-journeys-authenticati-b2bbc-e-user-registration-process-webkit/test-failed-1.png
    ────────────────────────────────────────────────────────────────────────────────────────────────

    attachment #2: video (video/webm) ──────────────────────────────────────────────────────────────
    ../test-results/user-journeys-authenticati-b2bbc-e-user-registration-process-webkit/video.webm
    ────────────────────────────────────────────────────────────────────────────────────────────────
]]>
</failure>
<system-out>
<![CDATA[📍 Step 1: Accessing registration page

[[ATTACHMENT|user-journeys-authenticati-b2bbc-e-user-registration-process-webkit/test-failed-1.png]]

[[ATTACHMENT|user-journeys-authenticati-b2bbc-e-user-registration-process-webkit/video.webm]]
]]>
</system-out>
</testcase>
<testcase name="Authentication Journey - US-005, US-006 › User login and logout process" classname="user-journeys/authentication-journey.spec.ts" time="2.607">
<failure message="authentication-journey.spec.ts:97:7 User login and logout process" type="FAILURE">
<![CDATA[  [webkit] › user-journeys/authentication-journey.spec.ts:97:7 › Authentication Journey - US-005, US-006 › User login and logout process 

    Error: page.goto: Could not connect to the server.
    Call log:
      - navigating to "http://localhost:3000/auth/login", waiting until "load"


      100 |     // Step 1: Access login page
      101 |     console.log('📍 Step 1: Accessing login page');
    > 102 |     await page.goto('/auth/login');
          |                ^
      103 |     await helpers.wait.waitForNetworkIdle();
      104 |
      105 |     // Verify login form loads
        at /Users/ciepolml/Projects/simple-3/smartwheels-landing/tests/user-journeys/authentication-journey.spec.ts:102:16

    attachment #1: screenshot (image/png) ──────────────────────────────────────────────────────────
    ../test-results/user-journeys-authenticati-2e12b-er-login-and-logout-process-webkit/test-failed-1.png
    ────────────────────────────────────────────────────────────────────────────────────────────────

    attachment #2: video (video/webm) ──────────────────────────────────────────────────────────────
    ../test-results/user-journeys-authenticati-2e12b-er-login-and-logout-process-webkit/video.webm
    ────────────────────────────────────────────────────────────────────────────────────────────────
]]>
</failure>
<system-out>
<![CDATA[📍 Step 1: Accessing login page

[[ATTACHMENT|user-journeys-authenticati-2e12b-er-login-and-logout-process-webkit/test-failed-1.png]]

[[ATTACHMENT|user-journeys-authenticati-2e12b-er-login-and-logout-process-webkit/video.webm]]
]]>
</system-out>
</testcase>
<testcase name="Authentication Journey - US-005, US-006 › Protected page access control" classname="user-journeys/authentication-journey.spec.ts" time="1.488">
<failure message="authentication-journey.spec.ts:171:7 Protected page access control" type="FAILURE">
<![CDATA[  [webkit] › user-journeys/authentication-journey.spec.ts:171:7 › Authentication Journey - US-005, US-006 › Protected page access control 

    Error: page.goto: Could not connect to the server.
    Call log:
      - navigating to "http://localhost:3000/profile", waiting until "load"


      174 |     // Step 1: Try to access protected profile page without authentication
      175 |     console.log('📍 Step 1: Testing access to protected page without authentication');
    > 176 |     await page.goto('/profile');
          |                ^
      177 |     await helpers.wait.waitForNetworkIdle();
      178 |
      179 |     // Should redirect to login or show access denied
        at /Users/ciepolml/Projects/simple-3/smartwheels-landing/tests/user-journeys/authentication-journey.spec.ts:176:16

    attachment #1: screenshot (image/png) ──────────────────────────────────────────────────────────
    ../test-results/user-journeys-authenticati-1b423-otected-page-access-control-webkit/test-failed-1.png
    ────────────────────────────────────────────────────────────────────────────────────────────────

    attachment #2: video (video/webm) ──────────────────────────────────────────────────────────────
    ../test-results/user-journeys-authenticati-1b423-otected-page-access-control-webkit/video.webm
    ────────────────────────────────────────────────────────────────────────────────────────────────
]]>
</failure>
<system-out>
<![CDATA[📍 Step 1: Testing access to protected page without authentication

[[ATTACHMENT|user-journeys-authenticati-1b423-otected-page-access-control-webkit/test-failed-1.png]]

[[ATTACHMENT|user-journeys-authenticati-1b423-otected-page-access-control-webkit/video.webm]]
]]>
</system-out>
</testcase>
<testcase name="Authentication Journey - US-005, US-006 › Password reset flow" classname="user-journeys/authentication-journey.spec.ts" time="1.574">
<failure message="authentication-journey.spec.ts:210:7 Password reset flow" type="FAILURE">
<![CDATA[  [webkit] › user-journeys/authentication-journey.spec.ts:210:7 › Authentication Journey - US-005, US-006 › Password reset flow 

    Error: page.goto: Could not connect to the server.
    Call log:
      - navigating to "http://localhost:3000/auth/login", waiting until "load"


      213 |     // Step 1: Access password reset from login page
      214 |     console.log('📍 Step 1: Accessing password reset');
    > 215 |     await page.goto('/auth/login');
          |                ^
      216 |     await helpers.wait.waitForNetworkIdle();
      217 |
      218 |     // Look for "Forgot Password" link
        at /Users/ciepolml/Projects/simple-3/smartwheels-landing/tests/user-journeys/authentication-journey.spec.ts:215:16

    attachment #1: screenshot (image/png) ──────────────────────────────────────────────────────────
    ../test-results/user-journeys-authenticati-e52b7--US-006-Password-reset-flow-webkit/test-failed-1.png
    ────────────────────────────────────────────────────────────────────────────────────────────────

    attachment #2: video (video/webm) ──────────────────────────────────────────────────────────────
    ../test-results/user-journeys-authenticati-e52b7--US-006-Password-reset-flow-webkit/video.webm
    ────────────────────────────────────────────────────────────────────────────────────────────────
]]>
</failure>
<system-out>
<![CDATA[📍 Step 1: Accessing password reset

[[ATTACHMENT|user-journeys-authenticati-e52b7--US-006-Password-reset-flow-webkit/test-failed-1.png]]

[[ATTACHMENT|user-journeys-authenticati-e52b7--US-006-Password-reset-flow-webkit/video.webm]]
]]>
</system-out>
</testcase>
<testcase name="Authentication Journey - US-005, US-006 › Mobile authentication experience" classname="user-journeys/authentication-journey.spec.ts" time="1.948">
<failure message="authentication-journey.spec.ts:248:7 Mobile authentication experience" type="FAILURE">
<![CDATA[  [webkit] › user-journeys/authentication-journey.spec.ts:248:7 › Authentication Journey - US-005, US-006 › Mobile authentication experience 

    Error: page.goto: Could not connect to the server.
    Call log:
      - navigating to "http://localhost:3000/auth/login", waiting until "load"


      254 |     // Step 1: Test mobile login form
      255 |     console.log('📍 Step 1: Testing mobile login experience');
    > 256 |     await page.goto('/auth/login');
          |                ^
      257 |     await helpers.wait.waitForNetworkIdle();
      258 |
      259 |     // Take screenshot of mobile login form
        at /Users/ciepolml/Projects/simple-3/smartwheels-landing/tests/user-journeys/authentication-journey.spec.ts:256:16

    attachment #1: screenshot (image/png) ──────────────────────────────────────────────────────────
    ../test-results/user-journeys-authenticati-62d6a-e-authentication-experience-webkit/test-failed-1.png
    ────────────────────────────────────────────────────────────────────────────────────────────────

    attachment #2: video (video/webm) ──────────────────────────────────────────────────────────────
    ../test-results/user-journeys-authenticati-62d6a-e-authentication-experience-webkit/video.webm
    ────────────────────────────────────────────────────────────────────────────────────────────────
]]>
</failure>
<system-out>
<![CDATA[📍 Step 1: Testing mobile login experience

[[ATTACHMENT|user-journeys-authenticati-62d6a-e-authentication-experience-webkit/test-failed-1.png]]

[[ATTACHMENT|user-journeys-authenticati-62d6a-e-authentication-experience-webkit/video.webm]]
]]>
</system-out>
</testcase>
</testsuite>
<testsuite name="user-journeys/quote-request-journey.spec.ts" timestamp="2025-11-17T22:08:49.254Z" hostname="webkit" tests="5" failures="5" skipped="0" time="9.163" errors="0">
<testcase name="Quote Request Journey - US-003 › Complete quote request submission journey" classname="user-journeys/quote-request-journey.spec.ts" time="2.067">
<failure message="quote-request-journey.spec.ts:13:7 Complete quote request submission journey" type="FAILURE">
<![CDATA[  [webkit] › user-journeys/quote-request-journey.spec.ts:13:7 › Quote Request Journey - US-003 › Complete quote request submission journey 

    Error: page.goto: Could not connect to the server.
    Call log:
      - navigating to "http://localhost:3000/", waiting until "load"


       7 |   test.beforeEach(async ({ page }) => {
       8 |     helpers = createPageHelpers(page);
    >  9 |     await page.goto('/');
         |                ^
      10 |     await helpers.wait.waitForNetworkIdle();
      11 |   });
      12 |
        at /Users/ciepolml/Projects/simple-3/smartwheels-landing/tests/user-journeys/quote-request-journey.spec.ts:9:16

    attachment #1: screenshot (image/png) ──────────────────────────────────────────────────────────
    ../test-results/user-journeys-quote-reques-e8c3e--request-submission-journey-webkit/test-failed-1.png
    ────────────────────────────────────────────────────────────────────────────────────────────────

    attachment #2: video (video/webm) ──────────────────────────────────────────────────────────────
    ../test-results/user-journeys-quote-reques-e8c3e--request-submission-journey-webkit/video.webm
    ────────────────────────────────────────────────────────────────────────────────────────────────
]]>
</failure>
<system-out>
<![CDATA[
[[ATTACHMENT|user-journeys-quote-reques-e8c3e--request-submission-journey-webkit/test-failed-1.png]]

[[ATTACHMENT|user-journeys-quote-reques-e8c3e--request-submission-journey-webkit/video.webm]]
]]>
</system-out>
</testcase>
<testcase name="Quote Request Journey - US-003 › Quote form validation error handling" classname="user-journeys/quote-request-journey.spec.ts" time="1.487">
<failure message="quote-request-journey.spec.ts:86:7 Quote form validation error handling" type="FAILURE">
<![CDATA[  [webkit] › user-journeys/quote-request-journey.spec.ts:86:7 › Quote Request Journey - US-003 › Quote form validation error handling 

    Error: page.goto: Could not connect to the server.
    Call log:
      - navigating to "http://localhost:3000/", waiting until "load"


       7 |   test.beforeEach(async ({ page }) => {
       8 |     helpers = createPageHelpers(page);
    >  9 |     await page.goto('/');
         |                ^
      10 |     await helpers.wait.waitForNetworkIdle();
      11 |   });
      12 |
        at /Users/ciepolml/Projects/simple-3/smartwheels-landing/tests/user-journeys/quote-request-journey.spec.ts:9:16

    attachment #1: screenshot (image/png) ──────────────────────────────────────────────────────────
    ../test-results/user-journeys-quote-reques-43db5-m-validation-error-handling-webkit/test-failed-1.png
    ────────────────────────────────────────────────────────────────────────────────────────────────

    attachment #2: video (video/webm) ──────────────────────────────────────────────────────────────
    ../test-results/user-journeys-quote-reques-43db5-m-validation-error-handling-webkit/video.webm
    ────────────────────────────────────────────────────────────────────────────────────────────────
]]>
</failure>
<system-out>
<![CDATA[
[[ATTACHMENT|user-journeys-quote-reques-43db5-m-validation-error-handling-webkit/test-failed-1.png]]

[[ATTACHMENT|user-journeys-quote-reques-43db5-m-validation-error-handling-webkit/video.webm]]
]]>
</system-out>
</testcase>
<testcase name="Quote Request Journey - US-003 › Quote request from services page" classname="user-journeys/quote-request-journey.spec.ts" time="1.76">
<failure message="quote-request-journey.spec.ts:136:7 Quote request from services page" type="FAILURE">
<![CDATA[  [webkit] › user-journeys/quote-request-journey.spec.ts:136:7 › Quote Request Journey - US-003 › Quote request from services page 

    Error: page.goto: Could not connect to the server.
    Call log:
      - navigating to "http://localhost:3000/", waiting until "load"


       7 |   test.beforeEach(async ({ page }) => {
       8 |     helpers = createPageHelpers(page);
    >  9 |     await page.goto('/');
         |                ^
      10 |     await helpers.wait.waitForNetworkIdle();
      11 |   });
      12 |
        at /Users/ciepolml/Projects/simple-3/smartwheels-landing/tests/user-journeys/quote-request-journey.spec.ts:9:16

    attachment #1: screenshot (image/png) ──────────────────────────────────────────────────────────
    ../test-results/user-journeys-quote-reques-58a88--request-from-services-page-webkit/test-failed-1.png
    ────────────────────────────────────────────────────────────────────────────────────────────────

    attachment #2: video (video/webm) ──────────────────────────────────────────────────────────────
    ../test-results/user-journeys-quote-reques-58a88--request-from-services-page-webkit/video.webm
    ────────────────────────────────────────────────────────────────────────────────────────────────
]]>
</failure>
<system-out>
<![CDATA[
[[ATTACHMENT|user-journeys-quote-reques-58a88--request-from-services-page-webkit/test-failed-1.png]]

[[ATTACHMENT|user-journeys-quote-reques-58a88--request-from-services-page-webkit/video.webm]]
]]>
</system-out>
</testcase>
<testcase name="Quote Request Journey - US-003 › Quote request mobile experience" classname="user-journeys/quote-request-journey.spec.ts" time="1.785">
<failure message="quote-request-journey.spec.ts:164:7 Quote request mobile experience" type="FAILURE">
<![CDATA[  [webkit] › user-journeys/quote-request-journey.spec.ts:164:7 › Quote Request Journey - US-003 › Quote request mobile experience 

    Error: page.goto: Could not connect to the server.
    Call log:
      - navigating to "http://localhost:3000/", waiting until "load"


       7 |   test.beforeEach(async ({ page }) => {
       8 |     helpers = createPageHelpers(page);
    >  9 |     await page.goto('/');
         |                ^
      10 |     await helpers.wait.waitForNetworkIdle();
      11 |   });
      12 |
        at /Users/ciepolml/Projects/simple-3/smartwheels-landing/tests/user-journeys/quote-request-journey.spec.ts:9:16

    attachment #1: screenshot (image/png) ──────────────────────────────────────────────────────────
    ../test-results/user-journeys-quote-reques-97ba4-e-request-mobile-experience-webkit/test-failed-1.png
    ────────────────────────────────────────────────────────────────────────────────────────────────

    attachment #2: video (video/webm) ──────────────────────────────────────────────────────────────
    ../test-results/user-journeys-quote-reques-97ba4-e-request-mobile-experience-webkit/video.webm
    ────────────────────────────────────────────────────────────────────────────────────────────────
]]>
</failure>
<system-out>
<![CDATA[
[[ATTACHMENT|user-journeys-quote-reques-97ba4-e-request-mobile-experience-webkit/test-failed-1.png]]

[[ATTACHMENT|user-journeys-quote-reques-97ba4-e-request-mobile-experience-webkit/video.webm]]
]]>
</system-out>
</testcase>
<testcase name="Quote Request Journey - US-003 › Quote form with large file upload" classname="user-journeys/quote-request-journey.spec.ts" time="2.064">
<failure message="quote-request-journey.spec.ts:200:7 Quote form with large file upload" type="FAILURE">
<![CDATA[  [webkit] › user-journeys/quote-request-journey.spec.ts:200:7 › Quote Request Journey - US-003 › Quote form with large file upload 

    Error: page.goto: Could not connect to the server.
    Call log:
      - navigating to "http://localhost:3000/", waiting until "load"


       7 |   test.beforeEach(async ({ page }) => {
       8 |     helpers = createPageHelpers(page);
    >  9 |     await page.goto('/');
         |                ^
      10 |     await helpers.wait.waitForNetworkIdle();
      11 |   });
      12 |
        at /Users/ciepolml/Projects/simple-3/smartwheels-landing/tests/user-journeys/quote-request-journey.spec.ts:9:16

    attachment #1: screenshot (image/png) ──────────────────────────────────────────────────────────
    ../test-results/user-journeys-quote-reques-49c4f-form-with-large-file-upload-webkit/test-failed-1.png
    ────────────────────────────────────────────────────────────────────────────────────────────────

    attachment #2: video (video/webm) ──────────────────────────────────────────────────────────────
    ../test-results/user-journeys-quote-reques-49c4f-form-with-large-file-upload-webkit/video.webm
    ────────────────────────────────────────────────────────────────────────────────────────────────
]]>
</failure>
<system-out>
<![CDATA[
[[ATTACHMENT|user-journeys-quote-reques-49c4f-form-with-large-file-upload-webkit/test-failed-1.png]]

[[ATTACHMENT|user-journeys-quote-reques-49c4f-form-with-large-file-upload-webkit/video.webm]]
]]>
</system-out>
</testcase>
</testsuite>
<testsuite name="user-journeys/service-exploration-journey.spec.ts" timestamp="2025-11-17T22:08:49.254Z" hostname="webkit" tests="6" failures="6" skipped="0" time="11.154" errors="0">
<testcase name="Service Exploration Journey - US-001, US-002 › Homepage discovery and service exploration" classname="user-journeys/service-exploration-journey.spec.ts" time="2.167">
<failure message="service-exploration-journey.spec.ts:13:7 Homepage discovery and service exploration" type="FAILURE">
<![CDATA[  [webkit] › user-journeys/service-exploration-journey.spec.ts:13:7 › Service Exploration Journey - US-001, US-002 › Homepage discovery and service exploration 

    Error: page.goto: Could not connect to the server.
    Call log:
      - navigating to "http://localhost:3000/", waiting until "load"


       7 |   test.beforeEach(async ({ page }) => {
       8 |     helpers = createPageHelpers(page);
    >  9 |     await page.goto('/');
         |                ^
      10 |     await helpers.wait.waitForNetworkIdle();
      11 |   });
      12 |
        at /Users/ciepolml/Projects/simple-3/smartwheels-landing/tests/user-journeys/service-exploration-journey.spec.ts:9:16

    attachment #1: screenshot (image/png) ──────────────────────────────────────────────────────────
    ../test-results/user-journeys-service-expl-65203-ery-and-service-exploration-webkit/test-failed-1.png
    ────────────────────────────────────────────────────────────────────────────────────────────────

    attachment #2: video (video/webm) ──────────────────────────────────────────────────────────────
    ../test-results/user-journeys-service-expl-65203-ery-and-service-exploration-webkit/video.webm
    ────────────────────────────────────────────────────────────────────────────────────────────────
]]>
</failure>
<system-out>
<![CDATA[
[[ATTACHMENT|user-journeys-service-expl-65203-ery-and-service-exploration-webkit/test-failed-1.png]]

[[ATTACHMENT|user-journeys-service-expl-65203-ery-and-service-exploration-webkit/video.webm]]
]]>
</system-out>
</testcase>
<testcase name="Service Exploration Journey - US-001, US-002 › Detailed service information exploration" classname="user-journeys/service-exploration-journey.spec.ts" time="1.52">
<failure message="service-exploration-journey.spec.ts:74:7 Detailed service information exploration" type="FAILURE">
<![CDATA[  [webkit] › user-journeys/service-exploration-journey.spec.ts:74:7 › Service Exploration Journey - US-001, US-002 › Detailed service information exploration 

    Error: page.goto: Could not connect to the server.
    Call log:
      - navigating to "http://localhost:3000/", waiting until "load"


       7 |   test.beforeEach(async ({ page }) => {
       8 |     helpers = createPageHelpers(page);
    >  9 |     await page.goto('/');
         |                ^
      10 |     await helpers.wait.waitForNetworkIdle();
      11 |   });
      12 |
        at /Users/ciepolml/Projects/simple-3/smartwheels-landing/tests/user-journeys/service-exploration-journey.spec.ts:9:16

    attachment #1: screenshot (image/png) ──────────────────────────────────────────────────────────
    ../test-results/user-journeys-service-expl-4c19d-ice-information-exploration-webkit/test-failed-1.png
    ────────────────────────────────────────────────────────────────────────────────────────────────

    attachment #2: video (video/webm) ──────────────────────────────────────────────────────────────
    ../test-results/user-journeys-service-expl-4c19d-ice-information-exploration-webkit/video.webm
    ────────────────────────────────────────────────────────────────────────────────────────────────
]]>
</failure>
<system-out>
<![CDATA[
[[ATTACHMENT|user-journeys-service-expl-4c19d-ice-information-exploration-webkit/test-failed-1.png]]

[[ATTACHMENT|user-journeys-service-expl-4c19d-ice-information-exploration-webkit/video.webm]]
]]>
</system-out>
</testcase>
<testcase name="Service Exploration Journey - US-001, US-002 › Navigation menu functionality" classname="user-journeys/service-exploration-journey.spec.ts" time="2.324">
<failure message="service-exploration-journey.spec.ts:177:7 Navigation menu functionality" type="FAILURE">
<![CDATA[  [webkit] › user-journeys/service-exploration-journey.spec.ts:177:7 › Service Exploration Journey - US-001, US-002 › Navigation menu functionality 

    Error: page.goto: Could not connect to the server.
    Call log:
      - navigating to "http://localhost:3000/", waiting until "load"


       7 |   test.beforeEach(async ({ page }) => {
       8 |     helpers = createPageHelpers(page);
    >  9 |     await page.goto('/');
         |                ^
      10 |     await helpers.wait.waitForNetworkIdle();
      11 |   });
      12 |
        at /Users/ciepolml/Projects/simple-3/smartwheels-landing/tests/user-journeys/service-exploration-journey.spec.ts:9:16

    attachment #1: screenshot (image/png) ──────────────────────────────────────────────────────────
    ../test-results/user-journeys-service-expl-1bd7f-vigation-menu-functionality-webkit/test-failed-1.png
    ────────────────────────────────────────────────────────────────────────────────────────────────

    attachment #2: video (video/webm) ──────────────────────────────────────────────────────────────
    ../test-results/user-journeys-service-expl-1bd7f-vigation-menu-functionality-webkit/video.webm
    ────────────────────────────────────────────────────────────────────────────────────────────────
]]>
</failure>
<system-out>
<![CDATA[
[[ATTACHMENT|user-journeys-service-expl-1bd7f-vigation-menu-functionality-webkit/test-failed-1.png]]

[[ATTACHMENT|user-journeys-service-expl-1bd7f-vigation-menu-functionality-webkit/video.webm]]
]]>
</system-out>
</testcase>
<testcase name="Service Exploration Journey - US-001, US-002 › Portfolio and project showcase" classname="user-journeys/service-exploration-journey.spec.ts" time="1.793">
<failure message="service-exploration-journey.spec.ts:244:7 Portfolio and project showcase" type="FAILURE">
<![CDATA[  [webkit] › user-journeys/service-exploration-journey.spec.ts:244:7 › Service Exploration Journey - US-001, US-002 › Portfolio and project showcase 

    Error: page.goto: Could not connect to the server.
    Call log:
      - navigating to "http://localhost:3000/", waiting until "load"


       7 |   test.beforeEach(async ({ page }) => {
       8 |     helpers = createPageHelpers(page);
    >  9 |     await page.goto('/');
         |                ^
      10 |     await helpers.wait.waitForNetworkIdle();
      11 |   });
      12 |
        at /Users/ciepolml/Projects/simple-3/smartwheels-landing/tests/user-journeys/service-exploration-journey.spec.ts:9:16

    attachment #1: screenshot (image/png) ──────────────────────────────────────────────────────────
    ../test-results/user-journeys-service-expl-0bd33-tfolio-and-project-showcase-webkit/test-failed-1.png
    ────────────────────────────────────────────────────────────────────────────────────────────────

    attachment #2: video (video/webm) ──────────────────────────────────────────────────────────────
    ../test-results/user-journeys-service-expl-0bd33-tfolio-and-project-showcase-webkit/video.webm
    ────────────────────────────────────────────────────────────────────────────────────────────────
]]>
</failure>
<system-out>
<![CDATA[
[[ATTACHMENT|user-journeys-service-expl-0bd33-tfolio-and-project-showcase-webkit/test-failed-1.png]]

[[ATTACHMENT|user-journeys-service-expl-0bd33-tfolio-and-project-showcase-webkit/video.webm]]
]]>
</system-out>
</testcase>
<testcase name="Service Exploration Journey - US-001, US-002 › Call-to-action button functionality" classname="user-journeys/service-exploration-journey.spec.ts" time="1.802">
<failure message="service-exploration-journey.spec.ts:310:7 Call-to-action button functionality" type="FAILURE">
<![CDATA[  [webkit] › user-journeys/service-exploration-journey.spec.ts:310:7 › Service Exploration Journey - US-001, US-002 › Call-to-action button functionality 

    Error: page.goto: Could not connect to the server.
    Call log:
      - navigating to "http://localhost:3000/", waiting until "load"


       7 |   test.beforeEach(async ({ page }) => {
       8 |     helpers = createPageHelpers(page);
    >  9 |     await page.goto('/');
         |                ^
      10 |     await helpers.wait.waitForNetworkIdle();
      11 |   });
      12 |
        at /Users/ciepolml/Projects/simple-3/smartwheels-landing/tests/user-journeys/service-exploration-journey.spec.ts:9:16

    attachment #1: screenshot (image/png) ──────────────────────────────────────────────────────────
    ../test-results/user-journeys-service-expl-36982-action-button-functionality-webkit/test-failed-1.png
    ────────────────────────────────────────────────────────────────────────────────────────────────

    attachment #2: video (video/webm) ──────────────────────────────────────────────────────────────
    ../test-results/user-journeys-service-expl-36982-action-button-functionality-webkit/video.webm
    ────────────────────────────────────────────────────────────────────────────────────────────────
]]>
</failure>
<system-out>
<![CDATA[
[[ATTACHMENT|user-journeys-service-expl-36982-action-button-functionality-webkit/test-failed-1.png]]

[[ATTACHMENT|user-journeys-service-expl-36982-action-button-functionality-webkit/video.webm]]
]]>
</system-out>
</testcase>
<testcase name="Service Exploration Journey - US-001, US-002 › Mobile responsiveness and touch interactions" classname="user-journeys/service-exploration-journey.spec.ts" time="1.548">
<failure message="service-exploration-journey.spec.ts:366:7 Mobile responsiveness and touch interactions" type="FAILURE">
<![CDATA[  [webkit] › user-journeys/service-exploration-journey.spec.ts:366:7 › Service Exploration Journey - US-001, US-002 › Mobile responsiveness and touch interactions 

    Error: page.goto: Could not connect to the server.
    Call log:
      - navigating to "http://localhost:3000/", waiting until "load"


       7 |   test.beforeEach(async ({ page }) => {
       8 |     helpers = createPageHelpers(page);
    >  9 |     await page.goto('/');
         |                ^
      10 |     await helpers.wait.waitForNetworkIdle();
      11 |   });
      12 |
        at /Users/ciepolml/Projects/simple-3/smartwheels-landing/tests/user-journeys/service-exploration-journey.spec.ts:9:16

    attachment #1: screenshot (image/png) ──────────────────────────────────────────────────────────
    ../test-results/user-journeys-service-expl-a1205-ness-and-touch-interactions-webkit/test-failed-1.png
    ────────────────────────────────────────────────────────────────────────────────────────────────

    attachment #2: video (video/webm) ──────────────────────────────────────────────────────────────
    ../test-results/user-journeys-service-expl-a1205-ness-and-touch-interactions-webkit/video.webm
    ────────────────────────────────────────────────────────────────────────────────────────────────
]]>
</failure>
<system-out>
<![CDATA[
[[ATTACHMENT|user-journeys-service-expl-a1205-ness-and-touch-interactions-webkit/test-failed-1.png]]

[[ATTACHMENT|user-journeys-service-expl-a1205-ness-and-touch-interactions-webkit/video.webm]]
]]>
</system-out>
</testcase>
</testsuite>
<testsuite name="user-journeys/authentication-journey.spec.ts" timestamp="2025-11-17T22:08:49.254Z" hostname="Mobile Chrome" tests="5" failures="5" skipped="0" time="4.19" errors="0">
<testcase name="Authentication Journey - US-005, US-006 › Complete user registration process" classname="user-journeys/authentication-journey.spec.ts" time="0.803">
<failure message="authentication-journey.spec.ts:11:7 Complete user registration process" type="FAILURE">
<![CDATA[  [Mobile Chrome] › user-journeys/authentication-journey.spec.ts:11:7 › Authentication Journey - US-005, US-006 › Complete user registration process 

    Error: page.goto: net::ERR_CONNECTION_REFUSED at http://localhost:3000/auth/signup
    Call log:
      - navigating to "http://localhost:3000/auth/signup", waiting until "load"


      14 |     // Step 1: Access registration page
      15 |     console.log('📍 Step 1: Accessing registration page');
    > 16 |     await page.goto('/auth/signup');
         |                ^
      17 |     await helpers.wait.waitForNetworkIdle();
      18 |
      19 |     // Verify registration form loads
        at /Users/ciepolml/Projects/simple-3/smartwheels-landing/tests/user-journeys/authentication-journey.spec.ts:16:16

    attachment #1: screenshot (image/png) ──────────────────────────────────────────────────────────
    ../test-results/user-journeys-authenticati-b2bbc-e-user-registration-process-Mobile-Chrome/test-failed-1.png
    ────────────────────────────────────────────────────────────────────────────────────────────────

    attachment #2: video (video/webm) ──────────────────────────────────────────────────────────────
    ../test-results/user-journeys-authenticati-b2bbc-e-user-registration-process-Mobile-Chrome/video.webm
    ────────────────────────────────────────────────────────────────────────────────────────────────
]]>
</failure>
<system-out>
<![CDATA[📍 Step 1: Accessing registration page

[[ATTACHMENT|user-journeys-authenticati-b2bbc-e-user-registration-process-Mobile-Chrome/test-failed-1.png]]

[[ATTACHMENT|user-journeys-authenticati-b2bbc-e-user-registration-process-Mobile-Chrome/video.webm]]
]]>
</system-out>
</testcase>
<testcase name="Authentication Journey - US-005, US-006 › User login and logout process" classname="user-journeys/authentication-journey.spec.ts" time="0.894">
<failure message="authentication-journey.spec.ts:97:7 User login and logout process" type="FAILURE">
<![CDATA[  [Mobile Chrome] › user-journeys/authentication-journey.spec.ts:97:7 › Authentication Journey - US-005, US-006 › User login and logout process 

    Error: page.goto: net::ERR_CONNECTION_REFUSED at http://localhost:3000/auth/login
    Call log:
      - navigating to "http://localhost:3000/auth/login", waiting until "load"


      100 |     // Step 1: Access login page
      101 |     console.log('📍 Step 1: Accessing login page');
    > 102 |     await page.goto('/auth/login');
          |                ^
      103 |     await helpers.wait.waitForNetworkIdle();
      104 |
      105 |     // Verify login form loads
        at /Users/ciepolml/Projects/simple-3/smartwheels-landing/tests/user-journeys/authentication-journey.spec.ts:102:16

    attachment #1: screenshot (image/png) ──────────────────────────────────────────────────────────
    ../test-results/user-journeys-authenticati-2e12b-er-login-and-logout-process-Mobile-Chrome/test-failed-1.png
    ────────────────────────────────────────────────────────────────────────────────────────────────

    attachment #2: video (video/webm) ──────────────────────────────────────────────────────────────
    ../test-results/user-journeys-authenticati-2e12b-er-login-and-logout-process-Mobile-Chrome/video.webm
    ────────────────────────────────────────────────────────────────────────────────────────────────
]]>
</failure>
<system-out>
<![CDATA[📍 Step 1: Accessing login page

[[ATTACHMENT|user-journeys-authenticati-2e12b-er-login-and-logout-process-Mobile-Chrome/test-failed-1.png]]

[[ATTACHMENT|user-journeys-authenticati-2e12b-er-login-and-logout-process-Mobile-Chrome/video.webm]]
]]>
</system-out>
</testcase>
<testcase name="Authentication Journey - US-005, US-006 › Protected page access control" classname="user-journeys/authentication-journey.spec.ts" time="0.986">
<failure message="authentication-journey.spec.ts:171:7 Protected page access control" type="FAILURE">
<![CDATA[  [Mobile Chrome] › user-journeys/authentication-journey.spec.ts:171:7 › Authentication Journey - US-005, US-006 › Protected page access control 

    Error: page.goto: net::ERR_CONNECTION_REFUSED at http://localhost:3000/profile
    Call log:
      - navigating to "http://localhost:3000/profile", waiting until "load"


      174 |     // Step 1: Try to access protected profile page without authentication
      175 |     console.log('📍 Step 1: Testing access to protected page without authentication');
    > 176 |     await page.goto('/profile');
          |                ^
      177 |     await helpers.wait.waitForNetworkIdle();
      178 |
      179 |     // Should redirect to login or show access denied
        at /Users/ciepolml/Projects/simple-3/smartwheels-landing/tests/user-journeys/authentication-journey.spec.ts:176:16

    attachment #1: screenshot (image/png) ──────────────────────────────────────────────────────────
    ../test-results/user-journeys-authenticati-1b423-otected-page-access-control-Mobile-Chrome/test-failed-1.png
    ────────────────────────────────────────────────────────────────────────────────────────────────

    attachment #2: video (video/webm) ──────────────────────────────────────────────────────────────
    ../test-results/user-journeys-authenticati-1b423-otected-page-access-control-Mobile-Chrome/video.webm
    ────────────────────────────────────────────────────────────────────────────────────────────────
]]>
</failure>
<system-out>
<![CDATA[📍 Step 1: Testing access to protected page without authentication

[[ATTACHMENT|user-journeys-authenticati-1b423-otected-page-access-control-Mobile-Chrome/test-failed-1.png]]

[[ATTACHMENT|user-journeys-authenticati-1b423-otected-page-access-control-Mobile-Chrome/video.webm]]
]]>
</system-out>
</testcase>
<testcase name="Authentication Journey - US-005, US-006 › Password reset flow" classname="user-journeys/authentication-journey.spec.ts" time="0.726">
<failure message="authentication-journey.spec.ts:210:7 Password reset flow" type="FAILURE">
<![CDATA[  [Mobile Chrome] › user-journeys/authentication-journey.spec.ts:210:7 › Authentication Journey - US-005, US-006 › Password reset flow 

    Error: page.goto: net::ERR_CONNECTION_REFUSED at http://localhost:3000/auth/login
    Call log:
      - navigating to "http://localhost:3000/auth/login", waiting until "load"


      213 |     // Step 1: Access password reset from login page
      214 |     console.log('📍 Step 1: Accessing password reset');
    > 215 |     await page.goto('/auth/login');
          |                ^
      216 |     await helpers.wait.waitForNetworkIdle();
      217 |
      218 |     // Look for "Forgot Password" link
        at /Users/ciepolml/Projects/simple-3/smartwheels-landing/tests/user-journeys/authentication-journey.spec.ts:215:16

    attachment #1: screenshot (image/png) ──────────────────────────────────────────────────────────
    ../test-results/user-journeys-authenticati-e52b7--US-006-Password-reset-flow-Mobile-Chrome/test-failed-1.png
    ────────────────────────────────────────────────────────────────────────────────────────────────

    attachment #2: video (video/webm) ──────────────────────────────────────────────────────────────
    ../test-results/user-journeys-authenticati-e52b7--US-006-Password-reset-flow-Mobile-Chrome/video.webm
    ────────────────────────────────────────────────────────────────────────────────────────────────
]]>
</failure>
<system-out>
<![CDATA[📍 Step 1: Accessing password reset

[[ATTACHMENT|user-journeys-authenticati-e52b7--US-006-Password-reset-flow-Mobile-Chrome/test-failed-1.png]]

[[ATTACHMENT|user-journeys-authenticati-e52b7--US-006-Password-reset-flow-Mobile-Chrome/video.webm]]
]]>
</system-out>
</testcase>
<testcase name="Authentication Journey - US-005, US-006 › Mobile authentication experience" classname="user-journeys/authentication-journey.spec.ts" time="0.781">
<failure message="authentication-journey.spec.ts:248:7 Mobile authentication experience" type="FAILURE">
<![CDATA[  [Mobile Chrome] › user-journeys/authentication-journey.spec.ts:248:7 › Authentication Journey - US-005, US-006 › Mobile authentication experience 

    Error: page.goto: net::ERR_CONNECTION_REFUSED at http://localhost:3000/auth/login
    Call log:
      - navigating to "http://localhost:3000/auth/login", waiting until "load"


      254 |     // Step 1: Test mobile login form
      255 |     console.log('📍 Step 1: Testing mobile login experience');
    > 256 |     await page.goto('/auth/login');
          |                ^
      257 |     await helpers.wait.waitForNetworkIdle();
      258 |
      259 |     // Take screenshot of mobile login form
        at /Users/ciepolml/Projects/simple-3/smartwheels-landing/tests/user-journeys/authentication-journey.spec.ts:256:16

    attachment #1: screenshot (image/png) ──────────────────────────────────────────────────────────
    ../test-results/user-journeys-authenticati-62d6a-e-authentication-experience-Mobile-Chrome/test-failed-1.png
    ────────────────────────────────────────────────────────────────────────────────────────────────

    attachment #2: video (video/webm) ──────────────────────────────────────────────────────────────
    ../test-results/user-journeys-authenticati-62d6a-e-authentication-experience-Mobile-Chrome/video.webm
    ────────────────────────────────────────────────────────────────────────────────────────────────
]]>
</failure>
<system-out>
<![CDATA[📍 Step 1: Testing mobile login experience

[[ATTACHMENT|user-journeys-authenticati-62d6a-e-authentication-experience-Mobile-Chrome/test-failed-1.png]]

[[ATTACHMENT|user-journeys-authenticati-62d6a-e-authentication-experience-Mobile-Chrome/video.webm]]
]]>
</system-out>
</testcase>
</testsuite>
<testsuite name="user-journeys/quote-request-journey.spec.ts" timestamp="2025-11-17T22:08:49.254Z" hostname="Mobile Chrome" tests="5" failures="5" skipped="0" time="3.448" errors="0">
<testcase name="Quote Request Journey - US-003 › Complete quote request submission journey" classname="user-journeys/quote-request-journey.spec.ts" time="0.698">
<failure message="quote-request-journey.spec.ts:13:7 Complete quote request submission journey" type="FAILURE">
<![CDATA[  [Mobile Chrome] › user-journeys/quote-request-journey.spec.ts:13:7 › Quote Request Journey - US-003 › Complete quote request submission journey 

    Error: page.goto: net::ERR_CONNECTION_REFUSED at http://localhost:3000/
    Call log:
      - navigating to "http://localhost:3000/", waiting until "load"


       7 |   test.beforeEach(async ({ page }) => {
       8 |     helpers = createPageHelpers(page);
    >  9 |     await page.goto('/');
         |                ^
      10 |     await helpers.wait.waitForNetworkIdle();
      11 |   });
      12 |
        at /Users/ciepolml/Projects/simple-3/smartwheels-landing/tests/user-journeys/quote-request-journey.spec.ts:9:16

    attachment #1: screenshot (image/png) ──────────────────────────────────────────────────────────
    ../test-results/user-journeys-quote-reques-e8c3e--request-submission-journey-Mobile-Chrome/test-failed-1.png
    ────────────────────────────────────────────────────────────────────────────────────────────────

    attachment #2: video (video/webm) ──────────────────────────────────────────────────────────────
    ../test-results/user-journeys-quote-reques-e8c3e--request-submission-journey-Mobile-Chrome/video.webm
    ────────────────────────────────────────────────────────────────────────────────────────────────
]]>
</failure>
<system-out>
<![CDATA[
[[ATTACHMENT|user-journeys-quote-reques-e8c3e--request-submission-journey-Mobile-Chrome/test-failed-1.png]]

[[ATTACHMENT|user-journeys-quote-reques-e8c3e--request-submission-journey-Mobile-Chrome/video.webm]]
]]>
</system-out>
</testcase>
<testcase name="Quote Request Journey - US-003 › Quote form validation error handling" classname="user-journeys/quote-request-journey.spec.ts" time="0.726">
<failure message="quote-request-journey.spec.ts:86:7 Quote form validation error handling" type="FAILURE">
<![CDATA[  [Mobile Chrome] › user-journeys/quote-request-journey.spec.ts:86:7 › Quote Request Journey - US-003 › Quote form validation error handling 

    Error: page.goto: net::ERR_CONNECTION_REFUSED at http://localhost:3000/
    Call log:
      - navigating to "http://localhost:3000/", waiting until "load"


       7 |   test.beforeEach(async ({ page }) => {
       8 |     helpers = createPageHelpers(page);
    >  9 |     await page.goto('/');
         |                ^
      10 |     await helpers.wait.waitForNetworkIdle();
      11 |   });
      12 |
        at /Users/ciepolml/Projects/simple-3/smartwheels-landing/tests/user-journeys/quote-request-journey.spec.ts:9:16

    attachment #1: screenshot (image/png) ──────────────────────────────────────────────────────────
    ../test-results/user-journeys-quote-reques-43db5-m-validation-error-handling-Mobile-Chrome/test-failed-1.png
    ────────────────────────────────────────────────────────────────────────────────────────────────

    attachment #2: video (video/webm) ──────────────────────────────────────────────────────────────
    ../test-results/user-journeys-quote-reques-43db5-m-validation-error-handling-Mobile-Chrome/video.webm
    ────────────────────────────────────────────────────────────────────────────────────────────────
]]>
</failure>
<system-out>
<![CDATA[
[[ATTACHMENT|user-journeys-quote-reques-43db5-m-validation-error-handling-Mobile-Chrome/test-failed-1.png]]

[[ATTACHMENT|user-journeys-quote-reques-43db5-m-validation-error-handling-Mobile-Chrome/video.webm]]
]]>
</system-out>
</testcase>
<testcase name="Quote Request Journey - US-003 › Quote request from services page" classname="user-journeys/quote-request-journey.spec.ts" time="0.632">
<failure message="quote-request-journey.spec.ts:136:7 Quote request from services page" type="FAILURE">
<![CDATA[  [Mobile Chrome] › user-journeys/quote-request-journey.spec.ts:136:7 › Quote Request Journey - US-003 › Quote request from services page 

    Error: page.goto: net::ERR_CONNECTION_REFUSED at http://localhost:3000/
    Call log:
      - navigating to "http://localhost:3000/", waiting until "load"


       7 |   test.beforeEach(async ({ page }) => {
       8 |     helpers = createPageHelpers(page);
    >  9 |     await page.goto('/');
         |                ^
      10 |     await helpers.wait.waitForNetworkIdle();
      11 |   });
      12 |
        at /Users/ciepolml/Projects/simple-3/smartwheels-landing/tests/user-journeys/quote-request-journey.spec.ts:9:16

    attachment #1: screenshot (image/png) ──────────────────────────────────────────────────────────
    ../test-results/user-journeys-quote-reques-58a88--request-from-services-page-Mobile-Chrome/test-failed-1.png
    ────────────────────────────────────────────────────────────────────────────────────────────────

    attachment #2: video (video/webm) ──────────────────────────────────────────────────────────────
    ../test-results/user-journeys-quote-reques-58a88--request-from-services-page-Mobile-Chrome/video.webm
    ────────────────────────────────────────────────────────────────────────────────────────────────
]]>
</failure>
<system-out>
<![CDATA[
[[ATTACHMENT|user-journeys-quote-reques-58a88--request-from-services-page-Mobile-Chrome/test-failed-1.png]]

[[ATTACHMENT|user-journeys-quote-reques-58a88--request-from-services-page-Mobile-Chrome/video.webm]]
]]>
</system-out>
</testcase>
<testcase name="Quote Request Journey - US-003 › Quote request mobile experience" classname="user-journeys/quote-request-journey.spec.ts" time="0.707">
<failure message="quote-request-journey.spec.ts:164:7 Quote request mobile experience" type="FAILURE">
<![CDATA[  [Mobile Chrome] › user-journeys/quote-request-journey.spec.ts:164:7 › Quote Request Journey - US-003 › Quote request mobile experience 

    Error: page.goto: net::ERR_CONNECTION_REFUSED at http://localhost:3000/
    Call log:
      - navigating to "http://localhost:3000/", waiting until "load"


       7 |   test.beforeEach(async ({ page }) => {
       8 |     helpers = createPageHelpers(page);
    >  9 |     await page.goto('/');
         |                ^
      10 |     await helpers.wait.waitForNetworkIdle();
      11 |   });
      12 |
        at /Users/ciepolml/Projects/simple-3/smartwheels-landing/tests/user-journeys/quote-request-journey.spec.ts:9:16

    attachment #1: screenshot (image/png) ──────────────────────────────────────────────────────────
    ../test-results/user-journeys-quote-reques-97ba4-e-request-mobile-experience-Mobile-Chrome/test-failed-1.png
    ────────────────────────────────────────────────────────────────────────────────────────────────

    attachment #2: video (video/webm) ──────────────────────────────────────────────────────────────
    ../test-results/user-journeys-quote-reques-97ba4-e-request-mobile-experience-Mobile-Chrome/video.webm
    ────────────────────────────────────────────────────────────────────────────────────────────────
]]>
</failure>
<system-out>
<![CDATA[
[[ATTACHMENT|user-journeys-quote-reques-97ba4-e-request-mobile-experience-Mobile-Chrome/test-failed-1.png]]

[[ATTACHMENT|user-journeys-quote-reques-97ba4-e-request-mobile-experience-Mobile-Chrome/video.webm]]
]]>
</system-out>
</testcase>
<testcase name="Quote Request Journey - US-003 › Quote form with large file upload" classname="user-journeys/quote-request-journey.spec.ts" time="0.685">
<failure message="quote-request-journey.spec.ts:200:7 Quote form with large file upload" type="FAILURE">
<![CDATA[  [Mobile Chrome] › user-journeys/quote-request-journey.spec.ts:200:7 › Quote Request Journey - US-003 › Quote form with large file upload 

    Error: page.goto: net::ERR_CONNECTION_REFUSED at http://localhost:3000/
    Call log:
      - navigating to "http://localhost:3000/", waiting until "load"


       7 |   test.beforeEach(async ({ page }) => {
       8 |     helpers = createPageHelpers(page);
    >  9 |     await page.goto('/');
         |                ^
      10 |     await helpers.wait.waitForNetworkIdle();
      11 |   });
      12 |
        at /Users/ciepolml/Projects/simple-3/smartwheels-landing/tests/user-journeys/quote-request-journey.spec.ts:9:16

    attachment #1: screenshot (image/png) ──────────────────────────────────────────────────────────
    ../test-results/user-journeys-quote-reques-49c4f-form-with-large-file-upload-Mobile-Chrome/test-failed-1.png
    ────────────────────────────────────────────────────────────────────────────────────────────────

    attachment #2: video (video/webm) ──────────────────────────────────────────────────────────────
    ../test-results/user-journeys-quote-reques-49c4f-form-with-large-file-upload-Mobile-Chrome/video.webm
    ────────────────────────────────────────────────────────────────────────────────────────────────
]]>
</failure>
<system-out>
<![CDATA[
[[ATTACHMENT|user-journeys-quote-reques-49c4f-form-with-large-file-upload-Mobile-Chrome/test-failed-1.png]]

[[ATTACHMENT|user-journeys-quote-reques-49c4f-form-with-large-file-upload-Mobile-Chrome/video.webm]]
]]>
</system-out>
</testcase>
</testsuite>
<testsuite name="user-journeys/service-exploration-journey.spec.ts" timestamp="2025-11-17T22:08:49.254Z" hostname="Mobile Chrome" tests="6" failures="6" skipped="0" time="4.154" errors="0">
<testcase name="Service Exploration Journey - US-001, US-002 › Homepage discovery and service exploration" classname="user-journeys/service-exploration-journey.spec.ts" time="0.578">
<failure message="service-exploration-journey.spec.ts:13:7 Homepage discovery and service exploration" type="FAILURE">
<![CDATA[  [Mobile Chrome] › user-journeys/service-exploration-journey.spec.ts:13:7 › Service Exploration Journey - US-001, US-002 › Homepage discovery and service exploration 

    Error: page.goto: net::ERR_CONNECTION_REFUSED at http://localhost:3000/
    Call log:
      - navigating to "http://localhost:3000/", waiting until "load"


       7 |   test.beforeEach(async ({ page }) => {
       8 |     helpers = createPageHelpers(page);
    >  9 |     await page.goto('/');
         |                ^
      10 |     await helpers.wait.waitForNetworkIdle();
      11 |   });
      12 |
        at /Users/ciepolml/Projects/simple-3/smartwheels-landing/tests/user-journeys/service-exploration-journey.spec.ts:9:16

    attachment #1: screenshot (image/png) ──────────────────────────────────────────────────────────
    ../test-results/user-journeys-service-expl-65203-ery-and-service-exploration-Mobile-Chrome/test-failed-1.png
    ────────────────────────────────────────────────────────────────────────────────────────────────

    attachment #2: video (video/webm) ──────────────────────────────────────────────────────────────
    ../test-results/user-journeys-service-expl-65203-ery-and-service-exploration-Mobile-Chrome/video.webm
    ────────────────────────────────────────────────────────────────────────────────────────────────
]]>
</failure>
<system-out>
<![CDATA[
[[ATTACHMENT|user-journeys-service-expl-65203-ery-and-service-exploration-Mobile-Chrome/test-failed-1.png]]

[[ATTACHMENT|user-journeys-service-expl-65203-ery-and-service-exploration-Mobile-Chrome/video.webm]]
]]>
</system-out>
</testcase>
<testcase name="Service Exploration Journey - US-001, US-002 › Detailed service information exploration" classname="user-journeys/service-exploration-journey.spec.ts" time="0.739">
<failure message="service-exploration-journey.spec.ts:74:7 Detailed service information exploration" type="FAILURE">
<![CDATA[  [Mobile Chrome] › user-journeys/service-exploration-journey.spec.ts:74:7 › Service Exploration Journey - US-001, US-002 › Detailed service information exploration 

    Error: page.goto: net::ERR_CONNECTION_REFUSED at http://localhost:3000/
    Call log:
      - navigating to "http://localhost:3000/", waiting until "load"


       7 |   test.beforeEach(async ({ page }) => {
       8 |     helpers = createPageHelpers(page);
    >  9 |     await page.goto('/');
         |                ^
      10 |     await helpers.wait.waitForNetworkIdle();
      11 |   });
      12 |
        at /Users/ciepolml/Projects/simple-3/smartwheels-landing/tests/user-journeys/service-exploration-journey.spec.ts:9:16

    attachment #1: screenshot (image/png) ──────────────────────────────────────────────────────────
    ../test-results/user-journeys-service-expl-4c19d-ice-information-exploration-Mobile-Chrome/test-failed-1.png
    ────────────────────────────────────────────────────────────────────────────────────────────────

    attachment #2: video (video/webm) ──────────────────────────────────────────────────────────────
    ../test-results/user-journeys-service-expl-4c19d-ice-information-exploration-Mobile-Chrome/video.webm
    ────────────────────────────────────────────────────────────────────────────────────────────────
]]>
</failure>
<system-out>
<![CDATA[
[[ATTACHMENT|user-journeys-service-expl-4c19d-ice-information-exploration-Mobile-Chrome/test-failed-1.png]]

[[ATTACHMENT|user-journeys-service-expl-4c19d-ice-information-exploration-Mobile-Chrome/video.webm]]
]]>
</system-out>
</testcase>
<testcase name="Service Exploration Journey - US-001, US-002 › Navigation menu functionality" classname="user-journeys/service-exploration-journey.spec.ts" time="0.725">
<failure message="service-exploration-journey.spec.ts:177:7 Navigation menu functionality" type="FAILURE">
<![CDATA[  [Mobile Chrome] › user-journeys/service-exploration-journey.spec.ts:177:7 › Service Exploration Journey - US-001, US-002 › Navigation menu functionality 

    Error: page.goto: net::ERR_CONNECTION_REFUSED at http://localhost:3000/
    Call log:
      - navigating to "http://localhost:3000/", waiting until "load"


       7 |   test.beforeEach(async ({ page }) => {
       8 |     helpers = createPageHelpers(page);
    >  9 |     await page.goto('/');
         |                ^
      10 |     await helpers.wait.waitForNetworkIdle();
      11 |   });
      12 |
        at /Users/ciepolml/Projects/simple-3/smartwheels-landing/tests/user-journeys/service-exploration-journey.spec.ts:9:16

    attachment #1: screenshot (image/png) ──────────────────────────────────────────────────────────
    ../test-results/user-journeys-service-expl-1bd7f-vigation-menu-functionality-Mobile-Chrome/test-failed-1.png
    ────────────────────────────────────────────────────────────────────────────────────────────────

    attachment #2: video (video/webm) ──────────────────────────────────────────────────────────────
    ../test-results/user-journeys-service-expl-1bd7f-vigation-menu-functionality-Mobile-Chrome/video.webm
    ────────────────────────────────────────────────────────────────────────────────────────────────
]]>
</failure>
<system-out>
<![CDATA[
[[ATTACHMENT|user-journeys-service-expl-1bd7f-vigation-menu-functionality-Mobile-Chrome/test-failed-1.png]]

[[ATTACHMENT|user-journeys-service-expl-1bd7f-vigation-menu-functionality-Mobile-Chrome/video.webm]]
]]>
</system-out>
</testcase>
<testcase name="Service Exploration Journey - US-001, US-002 › Portfolio and project showcase" classname="user-journeys/service-exploration-journey.spec.ts" time="0.608">
<failure message="service-exploration-journey.spec.ts:244:7 Portfolio and project showcase" type="FAILURE">
<![CDATA[  [Mobile Chrome] › user-journeys/service-exploration-journey.spec.ts:244:7 › Service Exploration Journey - US-001, US-002 › Portfolio and project showcase 

    Error: page.goto: net::ERR_CONNECTION_REFUSED at http://localhost:3000/
    Call log:
      - navigating to "http://localhost:3000/", waiting until "load"


       7 |   test.beforeEach(async ({ page }) => {
       8 |     helpers = createPageHelpers(page);
    >  9 |     await page.goto('/');
         |                ^
      10 |     await helpers.wait.waitForNetworkIdle();
      11 |   });
      12 |
        at /Users/ciepolml/Projects/simple-3/smartwheels-landing/tests/user-journeys/service-exploration-journey.spec.ts:9:16

    attachment #1: screenshot (image/png) ──────────────────────────────────────────────────────────
    ../test-results/user-journeys-service-expl-0bd33-tfolio-and-project-showcase-Mobile-Chrome/test-failed-1.png
    ────────────────────────────────────────────────────────────────────────────────────────────────

    attachment #2: video (video/webm) ──────────────────────────────────────────────────────────────
    ../test-results/user-journeys-service-expl-0bd33-tfolio-and-project-showcase-Mobile-Chrome/video.webm
    ────────────────────────────────────────────────────────────────────────────────────────────────
]]>
</failure>
<system-out>
<![CDATA[
[[ATTACHMENT|user-journeys-service-expl-0bd33-tfolio-and-project-showcase-Mobile-Chrome/test-failed-1.png]]

[[ATTACHMENT|user-journeys-service-expl-0bd33-tfolio-and-project-showcase-Mobile-Chrome/video.webm]]
]]>
</system-out>
</testcase>
<testcase name="Service Exploration Journey - US-001, US-002 › Call-to-action button functionality" classname="user-journeys/service-exploration-journey.spec.ts" time="0.776">
<failure message="service-exploration-journey.spec.ts:310:7 Call-to-action button functionality" type="FAILURE">
<![CDATA[  [Mobile Chrome] › user-journeys/service-exploration-journey.spec.ts:310:7 › Service Exploration Journey - US-001, US-002 › Call-to-action button functionality 

    Error: page.goto: net::ERR_CONNECTION_REFUSED at http://localhost:3000/
    Call log:
      - navigating to "http://localhost:3000/", waiting until "load"


       7 |   test.beforeEach(async ({ page }) => {
       8 |     helpers = createPageHelpers(page);
    >  9 |     await page.goto('/');
         |                ^
      10 |     await helpers.wait.waitForNetworkIdle();
      11 |   });
      12 |
        at /Users/ciepolml/Projects/simple-3/smartwheels-landing/tests/user-journeys/service-exploration-journey.spec.ts:9:16

    attachment #1: screenshot (image/png) ──────────────────────────────────────────────────────────
    ../test-results/user-journeys-service-expl-36982-action-button-functionality-Mobile-Chrome/test-failed-1.png
    ────────────────────────────────────────────────────────────────────────────────────────────────

    attachment #2: video (video/webm) ──────────────────────────────────────────────────────────────
    ../test-results/user-journeys-service-expl-36982-action-button-functionality-Mobile-Chrome/video.webm
    ────────────────────────────────────────────────────────────────────────────────────────────────
]]>
</failure>
<system-out>
<![CDATA[
[[ATTACHMENT|user-journeys-service-expl-36982-action-button-functionality-Mobile-Chrome/test-failed-1.png]]

[[ATTACHMENT|user-journeys-service-expl-36982-action-button-functionality-Mobile-Chrome/video.webm]]
]]>
</system-out>
</testcase>
<testcase name="Service Exploration Journey - US-001, US-002 › Mobile responsiveness and touch interactions" classname="user-journeys/service-exploration-journey.spec.ts" time="0.728">
<failure message="service-exploration-journey.spec.ts:366:7 Mobile responsiveness and touch interactions" type="FAILURE">
<![CDATA[  [Mobile Chrome] › user-journeys/service-exploration-journey.spec.ts:366:7 › Service Exploration Journey - US-001, US-002 › Mobile responsiveness and touch interactions 

    Error: page.goto: net::ERR_CONNECTION_REFUSED at http://localhost:3000/
    Call log:
      - navigating to "http://localhost:3000/", waiting until "load"


       7 |   test.beforeEach(async ({ page }) => {
       8 |     helpers = createPageHelpers(page);
    >  9 |     await page.goto('/');
         |                ^
      10 |     await helpers.wait.waitForNetworkIdle();
      11 |   });
      12 |
        at /Users/ciepolml/Projects/simple-3/smartwheels-landing/tests/user-journeys/service-exploration-journey.spec.ts:9:16

    attachment #1: screenshot (image/png) ──────────────────────────────────────────────────────────
    ../test-results/user-journeys-service-expl-a1205-ness-and-touch-interactions-Mobile-Chrome/test-failed-1.png
    ────────────────────────────────────────────────────────────────────────────────────────────────

    attachment #2: video (video/webm) ──────────────────────────────────────────────────────────────
    ../test-results/user-journeys-service-expl-a1205-ness-and-touch-interactions-Mobile-Chrome/video.webm
    ────────────────────────────────────────────────────────────────────────────────────────────────
]]>
</failure>
<system-out>
<![CDATA[
[[ATTACHMENT|user-journeys-service-expl-a1205-ness-and-touch-interactions-Mobile-Chrome/test-failed-1.png]]

[[ATTACHMENT|user-journeys-service-expl-a1205-ness-and-touch-interactions-Mobile-Chrome/video.webm]]
]]>
</system-out>
</testcase>
</testsuite>
<testsuite name="user-journeys/authentication-journey.spec.ts" timestamp="2025-11-17T22:08:49.254Z" hostname="Mobile Safari" tests="5" failures="5" skipped="0" time="6.883" errors="0">
<testcase name="Authentication Journey - US-005, US-006 › Complete user registration process" classname="user-journeys/authentication-journey.spec.ts" time="1.355">
<failure message="authentication-journey.spec.ts:11:7 Complete user registration process" type="FAILURE">
<![CDATA[  [Mobile Safari] › user-journeys/authentication-journey.spec.ts:11:7 › Authentication Journey - US-005, US-006 › Complete user registration process 

    Error: page.goto: Could not connect to the server.
    Call log:
      - navigating to "http://localhost:3000/auth/signup", waiting until "load"


      14 |     // Step 1: Access registration page
      15 |     console.log('📍 Step 1: Accessing registration page');
    > 16 |     await page.goto('/auth/signup');
         |                ^
      17 |     await helpers.wait.waitForNetworkIdle();
      18 |
      19 |     // Verify registration form loads
        at /Users/ciepolml/Projects/simple-3/smartwheels-landing/tests/user-journeys/authentication-journey.spec.ts:16:16

    attachment #1: screenshot (image/png) ──────────────────────────────────────────────────────────
    ../test-results/user-journeys-authenticati-b2bbc-e-user-registration-process-Mobile-Safari/test-failed-1.png
    ────────────────────────────────────────────────────────────────────────────────────────────────

    attachment #2: video (video/webm) ──────────────────────────────────────────────────────────────
    ../test-results/user-journeys-authenticati-b2bbc-e-user-registration-process-Mobile-Safari/video.webm
    ────────────────────────────────────────────────────────────────────────────────────────────────
]]>
</failure>
<system-out>
<![CDATA[📍 Step 1: Accessing registration page

[[ATTACHMENT|user-journeys-authenticati-b2bbc-e-user-registration-process-Mobile-Safari/test-failed-1.png]]

[[ATTACHMENT|user-journeys-authenticati-b2bbc-e-user-registration-process-Mobile-Safari/video.webm]]
]]>
</system-out>
</testcase>
<testcase name="Authentication Journey - US-005, US-006 › User login and logout process" classname="user-journeys/authentication-journey.spec.ts" time="1.216">
<failure message="authentication-journey.spec.ts:97:7 User login and logout process" type="FAILURE">
<![CDATA[  [Mobile Safari] › user-journeys/authentication-journey.spec.ts:97:7 › Authentication Journey - US-005, US-006 › User login and logout process 

    Error: page.goto: Could not connect to the server.
    Call log:
      - navigating to "http://localhost:3000/auth/login", waiting until "load"


      100 |     // Step 1: Access login page
      101 |     console.log('📍 Step 1: Accessing login page');
    > 102 |     await page.goto('/auth/login');
          |                ^
      103 |     await helpers.wait.waitForNetworkIdle();
      104 |
      105 |     // Verify login form loads
        at /Users/ciepolml/Projects/simple-3/smartwheels-landing/tests/user-journeys/authentication-journey.spec.ts:102:16

    attachment #1: screenshot (image/png) ──────────────────────────────────────────────────────────
    ../test-results/user-journeys-authenticati-2e12b-er-login-and-logout-process-Mobile-Safari/test-failed-1.png
    ────────────────────────────────────────────────────────────────────────────────────────────────

    attachment #2: video (video/webm) ──────────────────────────────────────────────────────────────
    ../test-results/user-journeys-authenticati-2e12b-er-login-and-logout-process-Mobile-Safari/video.webm
    ────────────────────────────────────────────────────────────────────────────────────────────────
]]>
</failure>
<system-out>
<![CDATA[📍 Step 1: Accessing login page

[[ATTACHMENT|user-journeys-authenticati-2e12b-er-login-and-logout-process-Mobile-Safari/test-failed-1.png]]

[[ATTACHMENT|user-journeys-authenticati-2e12b-er-login-and-logout-process-Mobile-Safari/video.webm]]
]]>
</system-out>
</testcase>
<testcase name="Authentication Journey - US-005, US-006 › Protected page access control" classname="user-journeys/authentication-journey.spec.ts" time="1.52">
<failure message="authentication-journey.spec.ts:171:7 Protected page access control" type="FAILURE">
<![CDATA[  [Mobile Safari] › user-journeys/authentication-journey.spec.ts:171:7 › Authentication Journey - US-005, US-006 › Protected page access control 

    Error: page.goto: Could not connect to the server.
    Call log:
      - navigating to "http://localhost:3000/profile", waiting until "load"


      174 |     // Step 1: Try to access protected profile page without authentication
      175 |     console.log('📍 Step 1: Testing access to protected page without authentication');
    > 176 |     await page.goto('/profile');
          |                ^
      177 |     await helpers.wait.waitForNetworkIdle();
      178 |
      179 |     // Should redirect to login or show access denied
        at /Users/ciepolml/Projects/simple-3/smartwheels-landing/tests/user-journeys/authentication-journey.spec.ts:176:16

    attachment #1: screenshot (image/png) ──────────────────────────────────────────────────────────
    ../test-results/user-journeys-authenticati-1b423-otected-page-access-control-Mobile-Safari/test-failed-1.png
    ────────────────────────────────────────────────────────────────────────────────────────────────

    attachment #2: video (video/webm) ──────────────────────────────────────────────────────────────
    ../test-results/user-journeys-authenticati-1b423-otected-page-access-control-Mobile-Safari/video.webm
    ────────────────────────────────────────────────────────────────────────────────────────────────
]]>
</failure>
<system-out>
<![CDATA[📍 Step 1: Testing access to protected page without authentication

[[ATTACHMENT|user-journeys-authenticati-1b423-otected-page-access-control-Mobile-Safari/test-failed-1.png]]

[[ATTACHMENT|user-journeys-authenticati-1b423-otected-page-access-control-Mobile-Safari/video.webm]]
]]>
</system-out>
</testcase>
<testcase name="Authentication Journey - US-005, US-006 › Password reset flow" classname="user-journeys/authentication-journey.spec.ts" time="1.517">
<failure message="authentication-journey.spec.ts:210:7 Password reset flow" type="FAILURE">
<![CDATA[  [Mobile Safari] › user-journeys/authentication-journey.spec.ts:210:7 › Authentication Journey - US-005, US-006 › Password reset flow 

    Error: page.goto: Could not connect to the server.
    Call log:
      - navigating to "http://localhost:3000/auth/login", waiting until "load"


      213 |     // Step 1: Access password reset from login page
      214 |     console.log('📍 Step 1: Accessing password reset');
    > 215 |     await page.goto('/auth/login');
          |                ^
      216 |     await helpers.wait.waitForNetworkIdle();
      217 |
      218 |     // Look for "Forgot Password" link
        at /Users/ciepolml/Projects/simple-3/smartwheels-landing/tests/user-journeys/authentication-journey.spec.ts:215:16

    attachment #1: screenshot (image/png) ──────────────────────────────────────────────────────────
    ../test-results/user-journeys-authenticati-e52b7--US-006-Password-reset-flow-Mobile-Safari/test-failed-1.png
    ────────────────────────────────────────────────────────────────────────────────────────────────

    attachment #2: video (video/webm) ──────────────────────────────────────────────────────────────
    ../test-results/user-journeys-authenticati-e52b7--US-006-Password-reset-flow-Mobile-Safari/video.webm
    ────────────────────────────────────────────────────────────────────────────────────────────────
]]>
</failure>
<system-out>
<![CDATA[📍 Step 1: Accessing password reset

[[ATTACHMENT|user-journeys-authenticati-e52b7--US-006-Password-reset-flow-Mobile-Safari/test-failed-1.png]]

[[ATTACHMENT|user-journeys-authenticati-e52b7--US-006-Password-reset-flow-Mobile-Safari/video.webm]]
]]>
</system-out>
</testcase>
<testcase name="Authentication Journey - US-005, US-006 › Mobile authentication experience" classname="user-journeys/authentication-journey.spec.ts" time="1.275">
<failure message="authentication-journey.spec.ts:248:7 Mobile authentication experience" type="FAILURE">
<![CDATA[  [Mobile Safari] › user-journeys/authentication-journey.spec.ts:248:7 › Authentication Journey - US-005, US-006 › Mobile authentication experience 

    Error: page.goto: Could not connect to the server.
    Call log:
      - navigating to "http://localhost:3000/auth/login", waiting until "load"


      254 |     // Step 1: Test mobile login form
      255 |     console.log('📍 Step 1: Testing mobile login experience');
    > 256 |     await page.goto('/auth/login');
          |                ^
      257 |     await helpers.wait.waitForNetworkIdle();
      258 |
      259 |     // Take screenshot of mobile login form
        at /Users/ciepolml/Projects/simple-3/smartwheels-landing/tests/user-journeys/authentication-journey.spec.ts:256:16

    attachment #1: screenshot (image/png) ──────────────────────────────────────────────────────────
    ../test-results/user-journeys-authenticati-62d6a-e-authentication-experience-Mobile-Safari/test-failed-1.png
    ────────────────────────────────────────────────────────────────────────────────────────────────

    attachment #2: video (video/webm) ──────────────────────────────────────────────────────────────
    ../test-results/user-journeys-authenticati-62d6a-e-authentication-experience-Mobile-Safari/video.webm
    ────────────────────────────────────────────────────────────────────────────────────────────────
]]>
</failure>
<system-out>
<![CDATA[📍 Step 1: Testing mobile login experience

[[ATTACHMENT|user-journeys-authenticati-62d6a-e-authentication-experience-Mobile-Safari/test-failed-1.png]]

[[ATTACHMENT|user-journeys-authenticati-62d6a-e-authentication-experience-Mobile-Safari/video.webm]]
]]>
</system-out>
</testcase>
</testsuite>
<testsuite name="user-journeys/quote-request-journey.spec.ts" timestamp="2025-11-17T22:08:49.254Z" hostname="Mobile Safari" tests="5" failures="5" skipped="0" time="6.912" errors="0">
<testcase name="Quote Request Journey - US-003 › Complete quote request submission journey" classname="user-journeys/quote-request-journey.spec.ts" time="1.263">
<failure message="quote-request-journey.spec.ts:13:7 Complete quote request submission journey" type="FAILURE">
<![CDATA[  [Mobile Safari] › user-journeys/quote-request-journey.spec.ts:13:7 › Quote Request Journey - US-003 › Complete quote request submission journey 

    Error: page.goto: Could not connect to the server.
    Call log:
      - navigating to "http://localhost:3000/", waiting until "load"


       7 |   test.beforeEach(async ({ page }) => {
       8 |     helpers = createPageHelpers(page);
    >  9 |     await page.goto('/');
         |                ^
      10 |     await helpers.wait.waitForNetworkIdle();
      11 |   });
      12 |
        at /Users/ciepolml/Projects/simple-3/smartwheels-landing/tests/user-journeys/quote-request-journey.spec.ts:9:16

    attachment #1: screenshot (image/png) ──────────────────────────────────────────────────────────
    ../test-results/user-journeys-quote-reques-e8c3e--request-submission-journey-Mobile-Safari/test-failed-1.png
    ────────────────────────────────────────────────────────────────────────────────────────────────

    attachment #2: video (video/webm) ──────────────────────────────────────────────────────────────
    ../test-results/user-journeys-quote-reques-e8c3e--request-submission-journey-Mobile-Safari/video.webm
    ────────────────────────────────────────────────────────────────────────────────────────────────
]]>
</failure>
<system-out>
<![CDATA[
[[ATTACHMENT|user-journeys-quote-reques-e8c3e--request-submission-journey-Mobile-Safari/test-failed-1.png]]

[[ATTACHMENT|user-journeys-quote-reques-e8c3e--request-submission-journey-Mobile-Safari/video.webm]]
]]>
</system-out>
</testcase>
<testcase name="Quote Request Journey - US-003 › Quote form validation error handling" classname="user-journeys/quote-request-journey.spec.ts" time="1.593">
<failure message="quote-request-journey.spec.ts:86:7 Quote form validation error handling" type="FAILURE">
<![CDATA[  [Mobile Safari] › user-journeys/quote-request-journey.spec.ts:86:7 › Quote Request Journey - US-003 › Quote form validation error handling 

    Error: page.goto: Could not connect to the server.
    Call log:
      - navigating to "http://localhost:3000/", waiting until "load"


       7 |   test.beforeEach(async ({ page }) => {
       8 |     helpers = createPageHelpers(page);
    >  9 |     await page.goto('/');
         |                ^
      10 |     await helpers.wait.waitForNetworkIdle();
      11 |   });
      12 |
        at /Users/ciepolml/Projects/simple-3/smartwheels-landing/tests/user-journeys/quote-request-journey.spec.ts:9:16

    attachment #1: screenshot (image/png) ──────────────────────────────────────────────────────────
    ../test-results/user-journeys-quote-reques-43db5-m-validation-error-handling-Mobile-Safari/test-failed-1.png
    ────────────────────────────────────────────────────────────────────────────────────────────────

    attachment #2: video (video/webm) ──────────────────────────────────────────────────────────────
    ../test-results/user-journeys-quote-reques-43db5-m-validation-error-handling-Mobile-Safari/video.webm
    ────────────────────────────────────────────────────────────────────────────────────────────────
]]>
</failure>
<system-out>
<![CDATA[
[[ATTACHMENT|user-journeys-quote-reques-43db5-m-validation-error-handling-Mobile-Safari/test-failed-1.png]]

[[ATTACHMENT|user-journeys-quote-reques-43db5-m-validation-error-handling-Mobile-Safari/video.webm]]
]]>
</system-out>
</testcase>
<testcase name="Quote Request Journey - US-003 › Quote request from services page" classname="user-journeys/quote-request-journey.spec.ts" time="1.609">
<failure message="quote-request-journey.spec.ts:136:7 Quote request from services page" type="FAILURE">
<![CDATA[  [Mobile Safari] › user-journeys/quote-request-journey.spec.ts:136:7 › Quote Request Journey - US-003 › Quote request from services page 

    Error: page.goto: Could not connect to the server.
    Call log:
      - navigating to "http://localhost:3000/", waiting until "load"


       7 |   test.beforeEach(async ({ page }) => {
       8 |     helpers = createPageHelpers(page);
    >  9 |     await page.goto('/');
         |                ^
      10 |     await helpers.wait.waitForNetworkIdle();
      11 |   });
      12 |
        at /Users/ciepolml/Projects/simple-3/smartwheels-landing/tests/user-journeys/quote-request-journey.spec.ts:9:16

    attachment #1: screenshot (image/png) ──────────────────────────────────────────────────────────
    ../test-results/user-journeys-quote-reques-58a88--request-from-services-page-Mobile-Safari/test-failed-1.png
    ────────────────────────────────────────────────────────────────────────────────────────────────

    attachment #2: video (video/webm) ──────────────────────────────────────────────────────────────
    ../test-results/user-journeys-quote-reques-58a88--request-from-services-page-Mobile-Safari/video.webm
    ────────────────────────────────────────────────────────────────────────────────────────────────
]]>
</failure>
<system-out>
<![CDATA[
[[ATTACHMENT|user-journeys-quote-reques-58a88--request-from-services-page-Mobile-Safari/test-failed-1.png]]

[[ATTACHMENT|user-journeys-quote-reques-58a88--request-from-services-page-Mobile-Safari/video.webm]]
]]>
</system-out>
</testcase>
<testcase name="Quote Request Journey - US-003 › Quote request mobile experience" classname="user-journeys/quote-request-journey.spec.ts" time="1.28">
<failure message="quote-request-journey.spec.ts:164:7 Quote request mobile experience" type="FAILURE">
<![CDATA[  [Mobile Safari] › user-journeys/quote-request-journey.spec.ts:164:7 › Quote Request Journey - US-003 › Quote request mobile experience 

    Error: page.goto: Could not connect to the server.
    Call log:
      - navigating to "http://localhost:3000/", waiting until "load"


       7 |   test.beforeEach(async ({ page }) => {
       8 |     helpers = createPageHelpers(page);
    >  9 |     await page.goto('/');
         |                ^
      10 |     await helpers.wait.waitForNetworkIdle();
      11 |   });
      12 |
        at /Users/ciepolml/Projects/simple-3/smartwheels-landing/tests/user-journeys/quote-request-journey.spec.ts:9:16

    attachment #1: screenshot (image/png) ──────────────────────────────────────────────────────────
    ../test-results/user-journeys-quote-reques-97ba4-e-request-mobile-experience-Mobile-Safari/test-failed-1.png
    ────────────────────────────────────────────────────────────────────────────────────────────────

    attachment #2: video (video/webm) ──────────────────────────────────────────────────────────────
    ../test-results/user-journeys-quote-reques-97ba4-e-request-mobile-experience-Mobile-Safari/video.webm
    ────────────────────────────────────────────────────────────────────────────────────────────────
]]>
</failure>
<system-out>
<![CDATA[
[[ATTACHMENT|user-journeys-quote-reques-97ba4-e-request-mobile-experience-Mobile-Safari/test-failed-1.png]]

[[ATTACHMENT|user-journeys-quote-reques-97ba4-e-request-mobile-experience-Mobile-Safari/video.webm]]
]]>
</system-out>
</testcase>
<testcase name="Quote Request Journey - US-003 › Quote form with large file upload" classname="user-journeys/quote-request-journey.spec.ts" time="1.167">
<failure message="quote-request-journey.spec.ts:200:7 Quote form with large file upload" type="FAILURE">
<![CDATA[  [Mobile Safari] › user-journeys/quote-request-journey.spec.ts:200:7 › Quote Request Journey - US-003 › Quote form with large file upload 

    Error: page.goto: Could not connect to the server.
    Call log:
      - navigating to "http://localhost:3000/", waiting until "load"


       7 |   test.beforeEach(async ({ page }) => {
       8 |     helpers = createPageHelpers(page);
    >  9 |     await page.goto('/');
         |                ^
      10 |     await helpers.wait.waitForNetworkIdle();
      11 |   });
      12 |
        at /Users/ciepolml/Projects/simple-3/smartwheels-landing/tests/user-journeys/quote-request-journey.spec.ts:9:16

    attachment #1: screenshot (image/png) ──────────────────────────────────────────────────────────
    ../test-results/user-journeys-quote-reques-49c4f-form-with-large-file-upload-Mobile-Safari/test-failed-1.png
    ────────────────────────────────────────────────────────────────────────────────────────────────

    attachment #2: video (video/webm) ──────────────────────────────────────────────────────────────
    ../test-results/user-journeys-quote-reques-49c4f-form-with-large-file-upload-Mobile-Safari/video.webm
    ────────────────────────────────────────────────────────────────────────────────────────────────
]]>
</failure>
<system-out>
<![CDATA[
[[ATTACHMENT|user-journeys-quote-reques-49c4f-form-with-large-file-upload-Mobile-Safari/test-failed-1.png]]

[[ATTACHMENT|user-journeys-quote-reques-49c4f-form-with-large-file-upload-Mobile-Safari/video.webm]]
]]>
</system-out>
</testcase>
</testsuite>
<testsuite name="user-journeys/service-exploration-journey.spec.ts" timestamp="2025-11-17T22:08:49.254Z" hostname="Mobile Safari" tests="6" failures="6" skipped="0" time="10.181" errors="0">
<testcase name="Service Exploration Journey - US-001, US-002 › Homepage discovery and service exploration" classname="user-journeys/service-exploration-journey.spec.ts" time="1.667">
<failure message="service-exploration-journey.spec.ts:13:7 Homepage discovery and service exploration" type="FAILURE">
<![CDATA[  [Mobile Safari] › user-journeys/service-exploration-journey.spec.ts:13:7 › Service Exploration Journey - US-001, US-002 › Homepage discovery and service exploration 

    Error: page.goto: Could not connect to the server.
    Call log:
      - navigating to "http://localhost:3000/", waiting until "load"


       7 |   test.beforeEach(async ({ page }) => {
       8 |     helpers = createPageHelpers(page);
    >  9 |     await page.goto('/');
         |                ^
      10 |     await helpers.wait.waitForNetworkIdle();
      11 |   });
      12 |
        at /Users/ciepolml/Projects/simple-3/smartwheels-landing/tests/user-journeys/service-exploration-journey.spec.ts:9:16

    attachment #1: screenshot (image/png) ──────────────────────────────────────────────────────────
    ../test-results/user-journeys-service-expl-65203-ery-and-service-exploration-Mobile-Safari/test-failed-1.png
    ────────────────────────────────────────────────────────────────────────────────────────────────

    attachment #2: video (video/webm) ──────────────────────────────────────────────────────────────
    ../test-results/user-journeys-service-expl-65203-ery-and-service-exploration-Mobile-Safari/video.webm
    ────────────────────────────────────────────────────────────────────────────────────────────────
]]>
</failure>
<system-out>
<![CDATA[
[[ATTACHMENT|user-journeys-service-expl-65203-ery-and-service-exploration-Mobile-Safari/test-failed-1.png]]

[[ATTACHMENT|user-journeys-service-expl-65203-ery-and-service-exploration-Mobile-Safari/video.webm]]
]]>
</system-out>
</testcase>
<testcase name="Service Exploration Journey - US-001, US-002 › Detailed service information exploration" classname="user-journeys/service-exploration-journey.spec.ts" time="1.693">
<failure message="service-exploration-journey.spec.ts:74:7 Detailed service information exploration" type="FAILURE">
<![CDATA[  [Mobile Safari] › user-journeys/service-exploration-journey.spec.ts:74:7 › Service Exploration Journey - US-001, US-002 › Detailed service information exploration 

    Error: page.goto: Could not connect to the server.
    Call log:
      - navigating to "http://localhost:3000/", waiting until "load"


       7 |   test.beforeEach(async ({ page }) => {
       8 |     helpers = createPageHelpers(page);
    >  9 |     await page.goto('/');
         |                ^
      10 |     await helpers.wait.waitForNetworkIdle();
      11 |   });
      12 |
        at /Users/ciepolml/Projects/simple-3/smartwheels-landing/tests/user-journeys/service-exploration-journey.spec.ts:9:16

    attachment #1: screenshot (image/png) ──────────────────────────────────────────────────────────
    ../test-results/user-journeys-service-expl-4c19d-ice-information-exploration-Mobile-Safari/test-failed-1.png
    ────────────────────────────────────────────────────────────────────────────────────────────────

    attachment #2: video (video/webm) ──────────────────────────────────────────────────────────────
    ../test-results/user-journeys-service-expl-4c19d-ice-information-exploration-Mobile-Safari/video.webm
    ────────────────────────────────────────────────────────────────────────────────────────────────
]]>
</failure>
<system-out>
<![CDATA[
[[ATTACHMENT|user-journeys-service-expl-4c19d-ice-information-exploration-Mobile-Safari/test-failed-1.png]]

[[ATTACHMENT|user-journeys-service-expl-4c19d-ice-information-exploration-Mobile-Safari/video.webm]]
]]>
</system-out>
</testcase>
<testcase name="Service Exploration Journey - US-001, US-002 › Navigation menu functionality" classname="user-journeys/service-exploration-journey.spec.ts" time="1.541">
<failure message="service-exploration-journey.spec.ts:177:7 Navigation menu functionality" type="FAILURE">
<![CDATA[  [Mobile Safari] › user-journeys/service-exploration-journey.spec.ts:177:7 › Service Exploration Journey - US-001, US-002 › Navigation menu functionality 

    Error: page.goto: Could not connect to the server.
    Call log:
      - navigating to "http://localhost:3000/", waiting until "load"


       7 |   test.beforeEach(async ({ page }) => {
       8 |     helpers = createPageHelpers(page);
    >  9 |     await page.goto('/');
         |                ^
      10 |     await helpers.wait.waitForNetworkIdle();
      11 |   });
      12 |
        at /Users/ciepolml/Projects/simple-3/smartwheels-landing/tests/user-journeys/service-exploration-journey.spec.ts:9:16

    attachment #1: screenshot (image/png) ──────────────────────────────────────────────────────────
    ../test-results/user-journeys-service-expl-1bd7f-vigation-menu-functionality-Mobile-Safari/test-failed-1.png
    ────────────────────────────────────────────────────────────────────────────────────────────────

    attachment #2: video (video/webm) ──────────────────────────────────────────────────────────────
    ../test-results/user-journeys-service-expl-1bd7f-vigation-menu-functionality-Mobile-Safari/video.webm
    ────────────────────────────────────────────────────────────────────────────────────────────────
]]>
</failure>
<system-out>
<![CDATA[
[[ATTACHMENT|user-journeys-service-expl-1bd7f-vigation-menu-functionality-Mobile-Safari/test-failed-1.png]]

[[ATTACHMENT|user-journeys-service-expl-1bd7f-vigation-menu-functionality-Mobile-Safari/video.webm]]
]]>
</system-out>
</testcase>
<testcase name="Service Exploration Journey - US-001, US-002 › Portfolio and project showcase" classname="user-journeys/service-exploration-journey.spec.ts" time="1.976">
<failure message="service-exploration-journey.spec.ts:244:7 Portfolio and project showcase" type="FAILURE">
<![CDATA[  [Mobile Safari] › user-journeys/service-exploration-journey.spec.ts:244:7 › Service Exploration Journey - US-001, US-002 › Portfolio and project showcase 

    Error: page.goto: Could not connect to the server.
    Call log:
      - navigating to "http://localhost:3000/", waiting until "load"


       7 |   test.beforeEach(async ({ page }) => {
       8 |     helpers = createPageHelpers(page);
    >  9 |     await page.goto('/');
         |                ^
      10 |     await helpers.wait.waitForNetworkIdle();
      11 |   });
      12 |
        at /Users/ciepolml/Projects/simple-3/smartwheels-landing/tests/user-journeys/service-exploration-journey.spec.ts:9:16

    attachment #1: screenshot (image/png) ──────────────────────────────────────────────────────────
    ../test-results/user-journeys-service-expl-0bd33-tfolio-and-project-showcase-Mobile-Safari/test-failed-1.png
    ────────────────────────────────────────────────────────────────────────────────────────────────

    attachment #2: video (video/webm) ──────────────────────────────────────────────────────────────
    ../test-results/user-journeys-service-expl-0bd33-tfolio-and-project-showcase-Mobile-Safari/video.webm
    ────────────────────────────────────────────────────────────────────────────────────────────────
]]>
</failure>
<system-out>
<![CDATA[
[[ATTACHMENT|user-journeys-service-expl-0bd33-tfolio-and-project-showcase-Mobile-Safari/test-failed-1.png]]

[[ATTACHMENT|user-journeys-service-expl-0bd33-tfolio-and-project-showcase-Mobile-Safari/video.webm]]
]]>
</system-out>
</testcase>
<testcase name="Service Exploration Journey - US-001, US-002 › Call-to-action button functionality" classname="user-journeys/service-exploration-journey.spec.ts" time="1.657">
<failure message="service-exploration-journey.spec.ts:310:7 Call-to-action button functionality" type="FAILURE">
<![CDATA[  [Mobile Safari] › user-journeys/service-exploration-journey.spec.ts:310:7 › Service Exploration Journey - US-001, US-002 › Call-to-action button functionality 

    Error: page.goto: Could not connect to the server.
    Call log:
      - navigating to "http://localhost:3000/", waiting until "load"


       7 |   test.beforeEach(async ({ page }) => {
       8 |     helpers = createPageHelpers(page);
    >  9 |     await page.goto('/');
         |                ^
      10 |     await helpers.wait.waitForNetworkIdle();
      11 |   });
      12 |
        at /Users/ciepolml/Projects/simple-3/smartwheels-landing/tests/user-journeys/service-exploration-journey.spec.ts:9:16

    attachment #1: screenshot (image/png) ──────────────────────────────────────────────────────────
    ../test-results/user-journeys-service-expl-36982-action-button-functionality-Mobile-Safari/test-failed-1.png
    ────────────────────────────────────────────────────────────────────────────────────────────────

    attachment #2: video (video/webm) ──────────────────────────────────────────────────────────────
    ../test-results/user-journeys-service-expl-36982-action-button-functionality-Mobile-Safari/video.webm
    ────────────────────────────────────────────────────────────────────────────────────────────────
]]>
</failure>
<system-out>
<![CDATA[
[[ATTACHMENT|user-journeys-service-expl-36982-action-button-functionality-Mobile-Safari/test-failed-1.png]]

[[ATTACHMENT|user-journeys-service-expl-36982-action-button-functionality-Mobile-Safari/video.webm]]
]]>
</system-out>
</testcase>
<testcase name="Service Exploration Journey - US-001, US-002 › Mobile responsiveness and touch interactions" classname="user-journeys/service-exploration-journey.spec.ts" time="1.647">
<failure message="service-exploration-journey.spec.ts:366:7 Mobile responsiveness and touch interactions" type="FAILURE">
<![CDATA[  [Mobile Safari] › user-journeys/service-exploration-journey.spec.ts:366:7 › Service Exploration Journey - US-001, US-002 › Mobile responsiveness and touch interactions 

    Error: page.goto: Could not connect to the server.
    Call log:
      - navigating to "http://localhost:3000/", waiting until "load"


       7 |   test.beforeEach(async ({ page }) => {
       8 |     helpers = createPageHelpers(page);
    >  9 |     await page.goto('/');
         |                ^
      10 |     await helpers.wait.waitForNetworkIdle();
      11 |   });
      12 |
        at /Users/ciepolml/Projects/simple-3/smartwheels-landing/tests/user-journeys/service-exploration-journey.spec.ts:9:16

    attachment #1: screenshot (image/png) ──────────────────────────────────────────────────────────
    ../test-results/user-journeys-service-expl-a1205-ness-and-touch-interactions-Mobile-Safari/test-failed-1.png
    ────────────────────────────────────────────────────────────────────────────────────────────────

    attachment #2: video (video/webm) ──────────────────────────────────────────────────────────────
    ../test-results/user-journeys-service-expl-a1205-ness-and-touch-interactions-Mobile-Safari/video.webm
    ────────────────────────────────────────────────────────────────────────────────────────────────
]]>
</failure>
<system-out>
<![CDATA[
[[ATTACHMENT|user-journeys-service-expl-a1205-ness-and-touch-interactions-Mobile-Safari/test-failed-1.png]]

[[ATTACHMENT|user-journeys-service-expl-a1205-ness-and-touch-interactions-Mobile-Safari/video.webm]]
]]>
</system-out>
</testcase>
</testsuite>
</testsuites>